Archive member included to satisfy reference by file (symbol)

/opt/st/stm32cubeide_1.18.1/plugins/com.st.stm32cube.ide.mcu.externaltools.gnu-tools-for-stm32.13.3.rel1.linux64_1.0.0.202410170706/tools/bin/../lib/gcc/arm-none-eabi/13.3.1/../../../../arm-none-eabi/lib/thumb/v7e-m+fp/hard/libc_nano.a(libc_a-exit.o)
                              /opt/st/stm32cubeide_1.18.1/plugins/com.st.stm32cube.ide.mcu.externaltools.gnu-tools-for-stm32.13.3.rel1.linux64_1.0.0.202410170706/tools/bin/../lib/gcc/arm-none-eabi/13.3.1/../../../../arm-none-eabi/lib/thumb/v7e-m+fp/hard/crt0.o (exit)
/opt/st/stm32cubeide_1.18.1/plugins/com.st.stm32cube.ide.mcu.externaltools.gnu-tools-for-stm32.13.3.rel1.linux64_1.0.0.202410170706/tools/bin/../lib/gcc/arm-none-eabi/13.3.1/../../../../arm-none-eabi/lib/thumb/v7e-m+fp/hard/libc_nano.a(libc_a-findfp.o)
                              /opt/st/stm32cubeide_1.18.1/plugins/com.st.stm32cube.ide.mcu.externaltools.gnu-tools-for-stm32.13.3.rel1.linux64_1.0.0.202410170706/tools/bin/../lib/gcc/arm-none-eabi/13.3.1/../../../../arm-none-eabi/lib/thumb/v7e-m+fp/hard/libc_nano.a(libc_a-exit.o) (__stdio_exit_handler)
/opt/st/stm32cubeide_1.18.1/plugins/com.st.stm32cube.ide.mcu.externaltools.gnu-tools-for-stm32.13.3.rel1.linux64_1.0.0.202410170706/tools/bin/../lib/gcc/arm-none-eabi/13.3.1/../../../../arm-none-eabi/lib/thumb/v7e-m+fp/hard/libc_nano.a(libc_a-fwalk.o)
                              /opt/st/stm32cubeide_1.18.1/plugins/com.st.stm32cube.ide.mcu.externaltools.gnu-tools-for-stm32.13.3.rel1.linux64_1.0.0.202410170706/tools/bin/../lib/gcc/arm-none-eabi/13.3.1/../../../../arm-none-eabi/lib/thumb/v7e-m+fp/hard/libc_nano.a(libc_a-findfp.o) (_fwalk_sglue)
/opt/st/stm32cubeide_1.18.1/plugins/com.st.stm32cube.ide.mcu.externaltools.gnu-tools-for-stm32.13.3.rel1.linux64_1.0.0.202410170706/tools/bin/../lib/gcc/arm-none-eabi/13.3.1/../../../../arm-none-eabi/lib/thumb/v7e-m+fp/hard/libc_nano.a(libc_a-stdio.o)
                              /opt/st/stm32cubeide_1.18.1/plugins/com.st.stm32cube.ide.mcu.externaltools.gnu-tools-for-stm32.13.3.rel1.linux64_1.0.0.202410170706/tools/bin/../lib/gcc/arm-none-eabi/13.3.1/../../../../arm-none-eabi/lib/thumb/v7e-m+fp/hard/libc_nano.a(libc_a-findfp.o) (__sread)
/opt/st/stm32cubeide_1.18.1/plugins/com.st.stm32cube.ide.mcu.externaltools.gnu-tools-for-stm32.13.3.rel1.linux64_1.0.0.202410170706/tools/bin/../lib/gcc/arm-none-eabi/13.3.1/../../../../arm-none-eabi/lib/thumb/v7e-m+fp/hard/libc_nano.a(libc_a-memset.o)
                              /opt/st/stm32cubeide_1.18.1/plugins/com.st.stm32cube.ide.mcu.externaltools.gnu-tools-for-stm32.13.3.rel1.linux64_1.0.0.202410170706/tools/bin/../lib/gcc/arm-none-eabi/13.3.1/../../../../arm-none-eabi/lib/thumb/v7e-m+fp/hard/crt0.o (memset)
/opt/st/stm32cubeide_1.18.1/plugins/com.st.stm32cube.ide.mcu.externaltools.gnu-tools-for-stm32.13.3.rel1.linux64_1.0.0.202410170706/tools/bin/../lib/gcc/arm-none-eabi/13.3.1/../../../../arm-none-eabi/lib/thumb/v7e-m+fp/hard/libc_nano.a(libc_a-closer.o)
                              /opt/st/stm32cubeide_1.18.1/plugins/com.st.stm32cube.ide.mcu.externaltools.gnu-tools-for-stm32.13.3.rel1.linux64_1.0.0.202410170706/tools/bin/../lib/gcc/arm-none-eabi/13.3.1/../../../../arm-none-eabi/lib/thumb/v7e-m+fp/hard/libc_nano.a(libc_a-stdio.o) (_close_r)
/opt/st/stm32cubeide_1.18.1/plugins/com.st.stm32cube.ide.mcu.externaltools.gnu-tools-for-stm32.13.3.rel1.linux64_1.0.0.202410170706/tools/bin/../lib/gcc/arm-none-eabi/13.3.1/../../../../arm-none-eabi/lib/thumb/v7e-m+fp/hard/libc_nano.a(libc_a-reent.o)
                              /opt/st/stm32cubeide_1.18.1/plugins/com.st.stm32cube.ide.mcu.externaltools.gnu-tools-for-stm32.13.3.rel1.linux64_1.0.0.202410170706/tools/bin/../lib/gcc/arm-none-eabi/13.3.1/../../../../arm-none-eabi/lib/thumb/v7e-m+fp/hard/libc_nano.a(libc_a-closer.o) (errno)
/opt/st/stm32cubeide_1.18.1/plugins/com.st.stm32cube.ide.mcu.externaltools.gnu-tools-for-stm32.13.3.rel1.linux64_1.0.0.202410170706/tools/bin/../lib/gcc/arm-none-eabi/13.3.1/../../../../arm-none-eabi/lib/thumb/v7e-m+fp/hard/libc_nano.a(libc_a-impure.o)
                              /opt/st/stm32cubeide_1.18.1/plugins/com.st.stm32cube.ide.mcu.externaltools.gnu-tools-for-stm32.13.3.rel1.linux64_1.0.0.202410170706/tools/bin/../lib/gcc/arm-none-eabi/13.3.1/../../../../arm-none-eabi/lib/thumb/v7e-m+fp/hard/libc_nano.a(libc_a-reent.o) (_impure_ptr)
/opt/st/stm32cubeide_1.18.1/plugins/com.st.stm32cube.ide.mcu.externaltools.gnu-tools-for-stm32.13.3.rel1.linux64_1.0.0.202410170706/tools/bin/../lib/gcc/arm-none-eabi/13.3.1/../../../../arm-none-eabi/lib/thumb/v7e-m+fp/hard/libc_nano.a(libc_a-lseekr.o)
                              /opt/st/stm32cubeide_1.18.1/plugins/com.st.stm32cube.ide.mcu.externaltools.gnu-tools-for-stm32.13.3.rel1.linux64_1.0.0.202410170706/tools/bin/../lib/gcc/arm-none-eabi/13.3.1/../../../../arm-none-eabi/lib/thumb/v7e-m+fp/hard/libc_nano.a(libc_a-stdio.o) (_lseek_r)
[...]
Memory Configuration

Name             Origin             Length             Attributes
RAM              0x20000000         0x00010000         xrw
FLASH            0x08000000         0x00040000         xr
*default*        0x00000000         0xffffffff

Linker script and memory map

LOAD /opt/st/stm32cubeide_1.18.1/plugins/com.st.stm32cube.ide.mcu.externaltools.gnu-tools-for-stm32.13.3.rel1.linux64_1.0.0.202410170706/tools/bin/../lib/gcc/arm-none-eabi/13.3.1/thumb/v7e-m+fp/hard/crti.o
LOAD /opt/st/stm32cubeide_1.18.1/plugins/com.st.stm32cube.ide.mcu.externaltools.gnu-tools-for-stm32.13.3.rel1.linux64_1.0.0.202410170706/tools/bin/../lib/gcc/arm-none-eabi/13.3.1/thumb/v7e-m+fp/hard/crtbegin.o
LOAD /opt/st/stm32cubeide_1.18.1/plugins/com.st.stm32cube.ide.mcu.externaltools.gnu-tools-for-stm32.13.3.rel1.linux64_1.0.0.202410170706/tools/bin/../lib/gcc/arm-none-eabi/13.3.1/../../../../arm-none-eabi/lib/thumb/v7e-m+fp/hard/crt0.o
LOAD ./Core/Src/adc.o
LOAD ./Core/Src/ads124s06.o
LOAD ./Core/Src/crc8.o
LOAD ./Core/Src/drone_usb.o
LOAD ./Core/Src/gpio.o
LOAD ./Core/Src/main.o
LOAD ./Core/Src/spi.o
LOAD ./Core/Src/stm32f4xx_hal_msp.o
LOAD ./Core/Src/stm32f4xx_it.o
LOAD ./Core/Src/syscalls.o
LOAD ./Core/Src/sysmem.o
LOAD ./Core/Src/system_stm32f4xx.o
LOAD ./Core/Src/tim.o
LOAD ./Core/Src/usart.o
LOAD ./Core/Startup/startup_stm32f401rctx.o
LOAD ./Drivers/STM32F4xx_HAL_Driver/Src/stm32f4xx_hal.o
LOAD ./Drivers/STM32F4xx_HAL_Driver/Src/stm32f4xx_hal_adc.o
LOAD ./Drivers/STM32F4xx_HAL_Driver/Src/stm32f4xx_hal_adc_ex.o
LOAD ./Drivers/STM32F4xx_HAL_Driver/Src/stm32f4xx_hal_cortex.o
LOAD ./Drivers/STM32F4xx_HAL_Driver/Src/stm32f4xx_hal_dma.o
LOAD ./Drivers/STM32F4xx_HAL_Driver/Src/stm32f4xx_hal_dma_ex.o
LOAD ./Drivers/STM32F4xx_HAL_Driver/Src/stm32f4xx_hal_exti.o
LOAD ./Drivers/STM32F4xx_HAL_Driver/Src/stm32f4xx_hal_flash.o
LOAD ./Drivers/STM32F4xx_HAL_Driver/Src/stm32f4xx_hal_flash_ex.o
LOAD ./Drivers/STM32F4xx_HAL_Driver/Src/stm32f4xx_hal_flash_ramfunc.o
LOAD ./Drivers/STM32F4xx_HAL_Driver/Src/stm32f4xx_hal_gpio.o
LOAD ./Drivers/STM32F4xx_HAL_Driver/Src/stm32f4xx_hal_pcd.o
LOAD ./Drivers/STM32F4xx_HAL_Driver/Src/stm32f4xx_hal_pcd_ex.o
LOAD ./Drivers/STM32F4xx_HAL_Driver/Src/stm32f4xx_hal_pwr.o
LOAD ./Drivers/STM32F4xx_HAL_Driver/Src/stm32f4xx_hal_pwr_ex.o
LOAD ./Drivers/STM32F4xx_HAL_Driver/Src/stm32f4xx_hal_rcc.o
LOAD ./Drivers/STM32F4xx_HAL_Driver/Src/stm32f4xx_hal_rcc_ex.o
LOAD ./Drivers/STM32F4xx_HAL_Driver/Src/stm32f4xx_hal_spi.o
LOAD ./Drivers/STM32F4xx_HAL_Driver/Src/stm32f4xx_hal_tim.o
LOAD ./Drivers/STM32F4xx_HAL_Driver/Src/stm32f4xx_hal_tim_ex.o
LOAD ./Drivers/STM32F4xx_HAL_Driver/Src/stm32f4xx_hal_uart.o
LOAD ./Drivers/STM32F4xx_HAL_Driver/Src/stm32f4xx_ll_adc.o
LOAD ./Drivers/STM32F4xx_HAL_Driver/Src/stm32f4xx_ll_usb.o
LOAD ./Middlewares/ST/STM32_USB_Device_Library/Class/CDC/Src/usbd_cdc.o
LOAD ./Middlewares/ST/STM32_USB_Device_Library/Core/Src/usbd_core.o
LOAD ./Middlewares/ST/STM32_USB_Device_Library/Core/Src/usbd_ctlreq.o
LOAD ./Middlewares/ST/STM32_USB_Device_Library/Core/Src/usbd_ioreq.o
LOAD ./USB_DEVICE/App/usb_device.o
LOAD ./USB_DEVICE/App/usbd_cdc_if.o
LOAD ./USB_DEVICE/App/usbd_desc.o
LOAD ./USB_DEVICE/Target/usbd_conf.o
START GROUP
LOAD /opt/st/stm32cubeide_1.18.1/plugins/com.st.stm32cube.ide.mcu.externaltools.gnu-tools-for-stm32.13.3.rel1.linux64_1.0.0.202410170706/tools/bin/../lib/gcc/arm-none-eabi/13.3.1/../../../../arm-none-eabi/lib/thumb/v7e-m+fp/hard/libc_nano.a
LOAD /opt/st/stm32cubeide_1.18.1/plugins/com.st.stm32cube.ide.mcu.externaltools.gnu-tools-for-stm32.13.3.rel1.linux64_1.0.0.202410170706/tools/bin/../lib/gcc/arm-none-eabi/13.3.1/../../../../arm-none-eabi/lib/thumb/v7e-m+fp/hard/libm.a
END GROUP
START GROUP
LOAD /opt/st/stm32cubeide_1.18.1/plugins/com.st.stm32cube.ide.mcu.externaltools.gnu-tools-for-stm32.13.3.rel1.linux64_1.0.0.202410170706/tools/bin/../lib/gcc/arm-none-eabi/13.3.1/thumb/v7e-m+fp/hard/libgcc.a
LOAD /opt/st/stm32cubeide_1.18.1/plugins/com.st.stm32cube.ide.mcu.externaltools.gnu-tools-for-stm32.13.3.rel1.linux64_1.0.0.202410170706/tools/bin/../lib/gcc/arm-none-eabi/13.3.1/../../../../arm-none-eabi/lib/thumb/v7e-m+fp/hard/libc_nano.a
END GROUP
START GROUP
LOAD /opt/st/stm32cubeide_1.18.1/plugins/com.st.stm32cube.ide.mcu.externaltools.gnu-tools-for-stm32.13.3.rel1.linux64_1.0.0.202410170706/tools/bin/../lib/gcc/arm-none-eabi/13.3.1/thumb/v7e-m+fp/hard/libgcc.a
LOAD /opt/st/stm32cubeide_1.18.1/plugins/com.st.stm32cube.ide.mcu.externaltools.gnu-tools-for-stm32.13.3.rel1.linux64_1.0.0.202410170706/tools/bin/../lib/gcc/arm-none-eabi/13.3.1/../../../../arm-none-eabi/lib/thumb/v7e-m+fp/hard/libc_nano.a
LOAD /opt/st/stm32cubeide_1.18.1/plugins/com.st.stm32cube.ide.mcu.externaltools.gnu-tools-for-stm32.13.3.rel1.linux64_1.0.0.202410170706/tools/bin/../lib/gcc/arm-none-eabi/13.3.1/../../../../arm-none-eabi/lib/thumb/v7e-m+fp/hard/libnosys.a
END GROUP
START GROUP
LOAD /opt/st/stm32cubeide_1.18.1/plugins/com.st.stm32cube.ide.mcu.externaltools.gnu-tools-for-stm32.13.3.rel1.linux64_1.0.0.202410170706/tools/bin/../lib/gcc/arm-none-eabi/13.3.1/thumb/v7e-m+fp/hard/libgcc.a
LOAD /opt/st/stm32cubeide_1.18.1/plugins/com.st.stm32cube.ide.mcu.externaltools.gnu-tools-for-stm32.13.3.rel1.linux64_1.0.0.202410170706/tools/bin/../lib/gcc/arm-none-eabi/13.3.1/../../../../arm-none-eabi/lib/thumb/v7e-m+fp/hard/libc_nano.a
LOAD /opt/st/stm32cubeide_1.18.1/plugins/com.st.stm32cube.ide.mcu.externaltools.gnu-tools-for-stm32.13.3.rel1.linux64_1.0.0.202410170706/tools/bin/../lib/gcc/arm-none-eabi/13.3.1/../../../../arm-none-eabi/lib/thumb/v7e-m+fp/hard/libnosys.a
END GROUP
LOAD /opt/st/stm32cubeide_1.18.1/plugins/com.st.stm32cube.ide.mcu.externaltools.gnu-tools-for-stm32.13.3.rel1.linux64_1.0.0.202410170706/tools/bin/../lib/gcc/arm-none-eabi/13.3.1/thumb/v7e-m+fp/hard/crtend.o
LOAD /opt/st/stm32cubeide_1.18.1/plugins/com.st.stm32cube.ide.mcu.externaltools.gnu-tools-for-stm32.13.3.rel1.linux64_1.0.0.202410170706/tools/bin/../lib/gcc/arm-none-eabi/13.3.1/thumb/v7e-m+fp/hard/crtn.o
                0x20010000                        _estack = (ORIGIN (RAM) + LENGTH (RAM))
                0x00000200                        _Min_Heap_Size = 0x200
                0x00000400                        _Min_Stack_Size = 0x400

.isr_vector     0x08000000      0x194
                0x08000000                        . = ALIGN (0x4)
 *(.isr_vector)
 .isr_vector    0x08000000      0x194 ./Core/Startup/startup_stm32f401rctx.o
                0x08000000                g_pfnVectors
                0x08000194                        . = ALIGN (0x4)

.text           0x08000194     0x96d0
                0x08000194                        . = ALIGN (0x4)
 *(.text)
 .text          0x08000194       0x40 /opt/st/stm32cubeide_1.18.1/plugins/com.st.stm32cube.ide.mcu.externaltools.gnu-tools-for-stm32.13.3.rel1.linux64_1.0.0.202410170706/tools/bin/../lib/gcc/arm-none-eabi/13.3.1/thumb/v7e-m+fp/hard/crtbegin.o
 .text          0x080001d4       0x30 /opt/st/stm32cubeide_1.18.1/plugins/com.st.stm32cube.ide.mcu.externaltools.gnu-tools-for-stm32.13.3.rel1.linux64_1.0.0.202410170706/tools/bin/../lib/gcc/arm-none-eabi/13.3.1/thumb/v7e-m+fp/hard/libgcc.a(_aeabi_uldivmod.o)
                0x080001d4                __aeabi_uldivmod
 .text          0x08000204      0x2f8 /opt/st/stm32cubeide_1.18.1/plugins/com.st.stm32cube.ide.mcu.externaltools.gnu-tools-for-stm32.13.3.rel1.linux64_1.0.0.202410170706/tools/bin/../lib/gcc/arm-none-eabi/13.3.1/thumb/v7e-m+fp/hard/libgcc.a(_udivmoddi4.o)
                0x08000204                __udivmoddi4
 .text          0x080004fc        0x4 /opt/st/stm32cubeide_1.18.1/plugins/com.st.stm32cube.ide.mcu.externaltools.gnu-tools-for-stm32.13.3.rel1.linux64_1.0.0.202410170706/tools/bin/../lib/gcc/arm-none-eabi/13.3.1/thumb/v7e-m+fp/hard/libgcc.a(_dvmd_tls.o)
                0x080004fc                __aeabi_ldiv0
                0x080004fc                __aeabi_idiv0
 *(.text*)
 .text.MX_ADC1_Init
                0x08000500       0xa4 ./Core/Src/adc.o
                0x08000500                MX_ADC1_Init
 .text.HAL_ADC_MspInit
                0x080005a4       0xc0 ./Core/Src/adc.o
                0x080005a4                HAL_ADC_MspInit
 .text.MX_GPIO_Init
                0x08000664       0xbc ./Core/Src/gpio.o
                0x08000664                MX_GPIO_Init
 .text.main     0x08000720      0x100 ./Core/Src/main.o
                0x08000720                main
 .text.SystemClock_Config
                0x08000820       0xd8 ./Core/Src/main.o
                0x08000820                SystemClock_Config
 .text.HAL_TIM_PeriodElapsedCallback
                0x080008f8       0x2c ./Core/Src/main.o
                0x080008f8                HAL_TIM_PeriodElapsedCallback
 .text.Error_Handler
                0x08000924        0xc ./Core/Src/main.o
                0x08000924                Error_Handler
 .text.MX_SPI1_Init
                0x08000930       0x6c ./Core/Src/spi.o
                0x08000930                MX_SPI1_Init
 .text.MX_SPI2_Init
                0x0800099c       0x6c ./Core/Src/spi.o
                0x0800099c                MX_SPI2_Init
 .text.HAL_SPI_MspInit
                0x08000a08      0x178 ./Core/Src/spi.o
                0x08000a08                HAL_SPI_MspInit
 .text.HAL_MspInit
                0x08000b80       0x50 ./Core/Src/stm32f4xx_hal_msp.o
                0x08000b80                HAL_MspInit
 .text.NMI_Handler
                0x08000bd0        0x8 ./Core/Src/stm32f4xx_it.o
                0x08000bd0                NMI_Handler
 .text.HardFault_Handler
                0x08000bd8        0x8 ./Core/Src/stm32f4xx_it.o
                0x08000bd8                HardFault_Handler
 .text.MemManage_Handler
                0x08000be0        0x8 ./Core/Src/stm32f4xx_it.o
                0x08000be0                MemManage_Handler
 .text.BusFault_Handler
                0x08000be8        0x8 ./Core/Src/stm32f4xx_it.o
                0x08000be8                BusFault_Handler
 .text.UsageFault_Handler
                0x08000bf0        0x8 ./Core/Src/stm32f4xx_it.o
                0x08000bf0                UsageFault_Handler
 .text.SVC_Handler
                0x08000bf8        0xe ./Core/Src/stm32f4xx_it.o
                0x08000bf8                SVC_Handler
 .text.DebugMon_Handler
                0x08000c06        0xe ./Core/Src/stm32f4xx_it.o
                0x08000c06                DebugMon_Handler
 .text.PendSV_Handler
                0x08000c14        0xe ./Core/Src/stm32f4xx_it.o
                0x08000c14                PendSV_Handler
 .text.SysTick_Handler
                0x08000c22        0xc ./Core/Src/stm32f4xx_it.o
                0x08000c22                SysTick_Handler
 *fill*         0x08000c2e        0x2 
 .text.TIM4_IRQHandler
                0x08000c30       0x14 ./Core/Src/stm32f4xx_it.o
                0x08000c30                TIM4_IRQHandler
 .text.OTG_FS_IRQHandler
                0x08000c44       0x14 ./Core/Src/stm32f4xx_it.o
                0x08000c44                OTG_FS_IRQHandler
 .text.SystemInit
                0x08000c58       0x24 ./Core/Src/system_stm32f4xx.o
                0x08000c58                SystemInit
 .text.MX_TIM2_Init
                0x08000c7c       0xf4 ./Core/Src/tim.o
                0x08000c7c                MX_TIM2_Init
 .text.MX_TIM3_Init
                0x08000d70       0xf4 ./Core/Src/tim.o
                0x08000d70                MX_TIM3_Init
 .text.MX_TIM4_Init
                0x08000e64       0x9c ./Core/Src/tim.o
                0x08000e64                MX_TIM4_Init
 .text.HAL_TIM_PWM_MspInit
                0x08000f00       0x6c ./Core/Src/tim.o
                0x08000f00                HAL_TIM_PWM_MspInit
 .text.HAL_TIM_Base_MspInit
                0x08000f6c       0x50 ./Core/Src/tim.o
                0x08000f6c                HAL_TIM_Base_MspInit
 .text.HAL_TIM_MspPostInit
                0x08000fbc       0xc0 ./Core/Src/tim.o
                0x08000fbc                HAL_TIM_MspPostInit
 .text.MX_USART1_UART_Init
                0x0800107c       0x54 ./Core/Src/usart.o
                0x0800107c                MX_USART1_UART_Init
 .text.HAL_UART_MspInit
                0x080010d0       0x90 ./Core/Src/usart.o
                0x080010d0                HAL_UART_MspInit
 .text.Reset_Handler
                0x08001160       0x50 ./Core/Startup/startup_stm32f401rctx.o
                0x08001160                Reset_Handler
 .text.Default_Handler
                0x080011b0        0x2 ./Core/Startup/startup_stm32f401rctx.o
                0x080011b0                RTC_Alarm_IRQHandler
                0x080011b0                EXTI2_IRQHandler
                0x080011b0                SPI4_IRQHandler
                0x080011b0                TIM1_CC_IRQHandler
                0x080011b0                DMA2_Stream5_IRQHandler
                0x080011b0                DMA1_Stream5_IRQHandler
                0x080011b0                PVD_IRQHandler
                0x080011b0                SDIO_IRQHandler
                0x080011b0                TAMP_STAMP_IRQHandler
                0x080011b0                EXTI3_IRQHandler
                0x080011b0                TIM1_UP_TIM10_IRQHandler
                0x080011b0                I2C3_ER_IRQHandler
                0x080011b0                EXTI0_IRQHandler
                0x080011b0                I2C2_EV_IRQHandler
                0x080011b0                DMA1_Stream2_IRQHandler
                0x080011b0                FPU_IRQHandler
                0x080011b0                DMA2_Stream2_IRQHandler
                0x080011b0                SPI1_IRQHandler
                0x080011b0                TIM1_BRK_TIM9_IRQHandler
                0x080011b0                DMA2_Stream3_IRQHandler
                0x080011b0                USART6_IRQHandler
                0x080011b0                DMA2_Stream0_IRQHandler
                0x080011b0                I2C1_EV_IRQHandler
                0x080011b0                DMA1_Stream6_IRQHandler
                0x080011b0                DMA1_Stream1_IRQHandler
                0x080011b0                TIM3_IRQHandler
                0x080011b0                RCC_IRQHandler
                0x080011b0                Default_Handler
                0x080011b0                EXTI15_10_IRQHandler
                0x080011b0                ADC_IRQHandler
                0x080011b0                DMA1_Stream7_IRQHandler
                0x080011b0                TIM5_IRQHandler
                0x080011b0                DMA2_Stream7_IRQHandler
                0x080011b0                I2C3_EV_IRQHandler
                0x080011b0                EXTI9_5_IRQHandler
                0x080011b0                RTC_WKUP_IRQHandler
                0x080011b0                SPI2_IRQHandler
                0x080011b0                DMA1_Stream0_IRQHandler
                0x080011b0                EXTI4_IRQHandler
                0x080011b0                WWDG_IRQHandler
                0x080011b0                TIM2_IRQHandler
                0x080011b0                OTG_FS_WKUP_IRQHandler
                0x080011b0                TIM1_TRG_COM_TIM11_IRQHandler
                0x080011b0                EXTI1_IRQHandler
                0x080011b0                USART2_IRQHandler
                0x080011b0                I2C2_ER_IRQHandler
                0x080011b0                DMA2_Stream1_IRQHandler
                0x080011b0                FLASH_IRQHandler
                0x080011b0                DMA2_Stream4_IRQHandler
                0x080011b0                USART1_IRQHandler
                0x080011b0                SPI3_IRQHandler
                0x080011b0                DMA1_Stream4_IRQHandler
                0x080011b0                I2C1_ER_IRQHandler
                0x080011b0                DMA2_Stream6_IRQHandler
                0x080011b0                DMA1_Stream3_IRQHandler
 *fill*         0x080011b2        0x2 
 .text.HAL_Init
                0x080011b4       0x44 ./Drivers/STM32F4xx_HAL_Driver/Src/stm32f4xx_hal.o
                0x080011b4                HAL_Init
 .text.HAL_InitTick
                0x080011f8       0x60 ./Drivers/STM32F4xx_HAL_Driver/Src/stm32f4xx_hal.o
                0x080011f8                HAL_InitTick
 .text.HAL_IncTick
                0x08001258       0x28 ./Drivers/STM32F4xx_HAL_Driver/Src/stm32f4xx_hal.o
                0x08001258                HAL_IncTick
 .text.HAL_GetTick
                0x08001280       0x18 ./Drivers/STM32F4xx_HAL_Driver/Src/stm32f4xx_hal.o
                0x08001280                HAL_GetTick
 .text.HAL_Delay
                0x08001298       0x48 ./Drivers/STM32F4xx_HAL_Driver/Src/stm32f4xx_hal.o
                0x08001298                HAL_Delay
 .text.HAL_ADC_Init
                0x080012e0       0x86 ./Drivers/STM32F4xx_HAL_Driver/Src/stm32f4xx_hal_adc.o
                0x080012e0                HAL_ADC_Init
 *fill*         0x08001366        0x2 
 .text.HAL_ADC_ConfigChannel
                0x08001368      0x244 ./Drivers/STM32F4xx_HAL_Driver/Src/stm32f4xx_hal_adc.o
                0x08001368                HAL_ADC_ConfigChannel
 .text.ADC_Init
                0x080015ac      0x1f8 ./Drivers/STM32F4xx_HAL_Driver/Src/stm32f4xx_hal_adc.o
 .text.__NVIC_SetPriorityGrouping
                0x080017a4       0x48 ./Drivers/STM32F4xx_HAL_Driver/Src/stm32f4xx_hal_cortex.o
 .text.__NVIC_GetPriorityGrouping
                0x080017ec       0x1c ./Drivers/STM32F4xx_HAL_Driver/Src/stm32f4xx_hal_cortex.o
 .text.__NVIC_EnableIRQ
                0x08001808       0x3c ./Drivers/STM32F4xx_HAL_Driver/Src/stm32f4xx_hal_cortex.o
 .text.__NVIC_SetPriority
                0x08001844       0x54 ./Drivers/STM32F4xx_HAL_Driver/Src/stm32f4xx_hal_cortex.o
 .text.NVIC_EncodePriority
                0x08001898       0x66 ./Drivers/STM32F4xx_HAL_Driver/Src/stm32f4xx_hal_cortex.o
 *fill*         0x080018fe        0x2 
 .text.SysTick_Config
                0x08001900       0x44 ./Drivers/STM32F4xx_HAL_Driver/Src/stm32f4xx_hal_cortex.o
 .text.HAL_NVIC_SetPriorityGrouping
                0x08001944       0x16 ./Drivers/STM32F4xx_HAL_Driver/Src/stm32f4xx_hal_cortex.o
                0x08001944                HAL_NVIC_SetPriorityGrouping
 .text.HAL_NVIC_SetPriority
                0x0800195a       0x38 ./Drivers/STM32F4xx_HAL_Driver/Src/stm32f4xx_hal_cortex.o
                0x0800195a                HAL_NVIC_SetPriority
 .text.HAL_NVIC_EnableIRQ
                0x08001992       0x1c ./Drivers/STM32F4xx_HAL_Driver/Src/stm32f4xx_hal_cortex.o
                0x08001992                HAL_NVIC_EnableIRQ
 .text.HAL_SYSTICK_Config
                0x080019ae       0x18 ./Drivers/STM32F4xx_HAL_Driver/Src/stm32f4xx_hal_cortex.o
                0x080019ae                HAL_SYSTICK_Config
 *fill*         0x080019c6        0x2 
 .text.HAL_GPIO_Init
                0x080019c8      0x308 ./Drivers/STM32F4xx_HAL_Driver/Src/stm32f4xx_hal_gpio.o
                0x080019c8                HAL_GPIO_Init
 .text.HAL_GPIO_WritePin
                0x08001cd0       0x32 ./Drivers/STM32F4xx_HAL_Driver/Src/stm32f4xx_hal_gpio.o
                0x08001cd0                HAL_GPIO_WritePin
 .text.HAL_PCD_Init
                0x08001d02      0x21e ./Drivers/STM32F4xx_HAL_Driver/Src/stm32f4xx_hal_pcd.o
                0x08001d02                HAL_PCD_Init
 .text.HAL_PCD_Start
                0x08001f20       0x6a ./Drivers/STM32F4xx_HAL_Driver/Src/stm32f4xx_hal_pcd.o
                0x08001f20                HAL_PCD_Start
 .text.HAL_PCD_IRQHandler
                0x08001f8a      0x942 ./Drivers/STM32F4xx_HAL_Driver/Src/stm32f4xx_hal_pcd.o
                0x08001f8a                HAL_PCD_IRQHandler
 .text.HAL_PCD_SetAddress
                0x080028cc       0x48 ./Drivers/STM32F4xx_HAL_Driver/Src/stm32f4xx_hal_pcd.o
                0x080028cc                HAL_PCD_SetAddress
 .text.HAL_PCD_EP_Open
                0x08002914       0xd4 ./Drivers/STM32F4xx_HAL_Driver/Src/stm32f4xx_hal_pcd.o
                0x08002914                HAL_PCD_EP_Open
 .text.HAL_PCD_EP_Close
                0x080029e8       0x94 ./Drivers/STM32F4xx_HAL_Driver/Src/stm32f4xx_hal_pcd.o
                0x080029e8                HAL_PCD_EP_Close
 .text.HAL_PCD_EP_Receive
                0x08002a7c       0x76 ./Drivers/STM32F4xx_HAL_Driver/Src/stm32f4xx_hal_pcd.o
                0x08002a7c                HAL_PCD_EP_Receive
 .text.HAL_PCD_EP_GetRxCount
                0x08002af2       0x30 ./Drivers/STM32F4xx_HAL_Driver/Src/stm32f4xx_hal_pcd.o
                0x08002af2                HAL_PCD_EP_GetRxCount
 .text.HAL_PCD_EP_Transmit
                0x08002b22       0x74 ./Drivers/STM32F4xx_HAL_Driver/Src/stm32f4xx_hal_pcd.o
                0x08002b22                HAL_PCD_EP_Transmit
 .text.HAL_PCD_EP_SetStall
                0x08002b96       0xc6 ./Drivers/STM32F4xx_HAL_Driver/Src/stm32f4xx_hal_pcd.o
                0x08002b96                HAL_PCD_EP_SetStall
 .text.HAL_PCD_EP_ClrStall
                0x08002c5c       0xac ./Drivers/STM32F4xx_HAL_Driver/Src/stm32f4xx_hal_pcd.o
                0x08002c5c                HAL_PCD_EP_ClrStall
 .text.HAL_PCD_EP_Abort
                0x08002d08       0x62 ./Drivers/STM32F4xx_HAL_Driver/Src/stm32f4xx_hal_pcd.o
                0x08002d08                HAL_PCD_EP_Abort
 .text.PCD_WriteEmptyTxFifo
                0x08002d6a      0x118 ./Drivers/STM32F4xx_HAL_Driver/Src/stm32f4xx_hal_pcd.o
 *fill*         0x08002e82        0x2 
 .text.PCD_EP_OutXfrComplete_int
                0x08002e84      0x1d0 ./Drivers/STM32F4xx_HAL_Driver/Src/stm32f4xx_hal_pcd.o
 .text.PCD_EP_OutSetupPacket_int
                0x08003054       0x8c ./Drivers/STM32F4xx_HAL_Driver/Src/stm32f4xx_hal_pcd.o
 .text.HAL_PCDEx_SetTxFiFo
                0x080030e0       0x8e ./Drivers/STM32F4xx_HAL_Driver/Src/stm32f4xx_hal_pcd_ex.o
                0x080030e0                HAL_PCDEx_SetTxFiFo
 .text.HAL_PCDEx_SetRxFiFo
                0x0800316e       0x22 ./Drivers/STM32F4xx_HAL_Driver/Src/stm32f4xx_hal_pcd_ex.o
                0x0800316e                HAL_PCDEx_SetRxFiFo
 .text.HAL_PCDEx_LPM_Callback
                0x08003190       0x18 ./Drivers/STM32F4xx_HAL_Driver/Src/stm32f4xx_hal_pcd_ex.o
                0x08003190                HAL_PCDEx_LPM_Callback
 .text.HAL_RCC_OscConfig
                0x080031a8      0x4f0 ./Drivers/STM32F4xx_HAL_Driver/Src/stm32f4xx_hal_rcc.o
                0x080031a8                HAL_RCC_OscConfig
 .text.HAL_RCC_ClockConfig
                0x08003698      0x1cc ./Drivers/STM32F4xx_HAL_Driver/Src/stm32f4xx_hal_rcc.o
                0x08003698                HAL_RCC_ClockConfig
 .text.HAL_RCC_GetSysClockFreq
                0x08003864      0x18c ./Drivers/STM32F4xx_HAL_Driver/Src/stm32f4xx_hal_rcc.o
                0x08003864                HAL_RCC_GetSysClockFreq
 .text.HAL_RCC_GetHCLKFreq
                0x080039f0       0x18 ./Drivers/STM32F4xx_HAL_Driver/Src/stm32f4xx_hal_rcc.o
                0x080039f0                HAL_RCC_GetHCLKFreq
 .text.HAL_RCC_GetPCLK1Freq
                0x08003a08       0x28 ./Drivers/STM32F4xx_HAL_Driver/Src/stm32f4xx_hal_rcc.o
                0x08003a08                HAL_RCC_GetPCLK1Freq
 .text.HAL_RCC_GetPCLK2Freq
                0x08003a30       0x28 ./Drivers/STM32F4xx_HAL_Driver/Src/stm32f4xx_hal_rcc.o
                0x08003a30                HAL_RCC_GetPCLK2Freq
 .text.HAL_SPI_Init
                0x08003a58      0x112 ./Drivers/STM32F4xx_HAL_Driver/Src/stm32f4xx_hal_spi.o
                0x08003a58                HAL_SPI_Init
 .text.HAL_SPI_Transmit
                0x08003b6a      0x288 ./Drivers/STM32F4xx_HAL_Driver/Src/stm32f4xx_hal_spi.o
                0x08003b6a                HAL_SPI_Transmit
 .text.HAL_SPI_Receive
                0x08003df2      0x232 ./Drivers/STM32F4xx_HAL_Driver/Src/stm32f4xx_hal_spi.o
                0x08003df2                HAL_SPI_Receive
 .text.HAL_SPI_TransmitReceive
                0x08004024      0x352 ./Drivers/STM32F4xx_HAL_Driver/Src/stm32f4xx_hal_spi.o
                0x08004024                HAL_SPI_TransmitReceive
 *fill*         0x08004376        0x2 
 .text.SPI_WaitFlagStateUntilTimeout
                0x08004378      0x110 ./Drivers/STM32F4xx_HAL_Driver/Src/stm32f4xx_hal_spi.o
 .text.SPI_EndRxTransaction
                0x08004488       0xca ./Drivers/STM32F4xx_HAL_Driver/Src/stm32f4xx_hal_spi.o
 *fill*         0x08004552        0x2 
 .text.SPI_EndRxTxTransaction
                0x08004554       0xa8 ./Drivers/STM32F4xx_HAL_Driver/Src/stm32f4xx_hal_spi.o
 .text.HAL_TIM_Base_Init
                0x080045fc       0x9e ./Drivers/STM32F4xx_HAL_Driver/Src/stm32f4xx_hal_tim.o
                0x080045fc                HAL_TIM_Base_Init
 .text.HAL_TIM_PWM_Init
                0x0800469a       0x9e ./Drivers/STM32F4xx_HAL_Driver/Src/stm32f4xx_hal_tim.o
                0x0800469a                HAL_TIM_PWM_Init
 .text.HAL_TIM_IRQHandler
                0x08004738      0x1e0 ./Drivers/STM32F4xx_HAL_Driver/Src/stm32f4xx_hal_tim.o
                0x08004738                HAL_TIM_IRQHandler
 .text.HAL_TIM_PWM_ConfigChannel
                0x08004918      0x184 ./Drivers/STM32F4xx_HAL_Driver/Src/stm32f4xx_hal_tim.o
                0x08004918                HAL_TIM_PWM_ConfigChannel
 .text.HAL_TIM_ConfigClockSource
                0x08004a9c      0x18e ./Drivers/STM32F4xx_HAL_Driver/Src/stm32f4xx_hal_tim.o
                0x08004a9c                HAL_TIM_ConfigClockSource
 .text.HAL_TIM_OC_DelayElapsedCallback
                0x08004c2a       0x14 ./Drivers/STM32F4xx_HAL_Driver/Src/stm32f4xx_hal_tim.o
                0x08004c2a                HAL_TIM_OC_DelayElapsedCallback
 .text.HAL_TIM_IC_CaptureCallback
                0x08004c3e       0x14 ./Drivers/STM32F4xx_HAL_Driver/Src/stm32f4xx_hal_tim.o
                0x08004c3e                HAL_TIM_IC_CaptureCallback
 .text.HAL_TIM_PWM_PulseFinishedCallback
                0x08004c52       0x14 ./Drivers/STM32F4xx_HAL_Driver/Src/stm32f4xx_hal_tim.o
                0x08004c52                HAL_TIM_PWM_PulseFinishedCallback
 .text.HAL_TIM_TriggerCallback
                0x08004c66       0x14 ./Drivers/STM32F4xx_HAL_Driver/Src/stm32f4xx_hal_tim.o
                0x08004c66                HAL_TIM_TriggerCallback
 *fill*         0x08004c7a        0x2 
 .text.TIM_Base_SetConfig
                0x08004c7c      0x118 ./Drivers/STM32F4xx_HAL_Driver/Src/stm32f4xx_hal_tim.o
                0x08004c7c                TIM_Base_SetConfig
 .text.TIM_OC1_SetConfig
                0x08004d94       0xcc ./Drivers/STM32F4xx_HAL_Driver/Src/stm32f4xx_hal_tim.o
 .text.TIM_OC2_SetConfig
                0x08004e60       0xd8 ./Drivers/STM32F4xx_HAL_Driver/Src/stm32f4xx_hal_tim.o
                0x08004e60                TIM_OC2_SetConfig
 .text.TIM_OC3_SetConfig
                0x08004f38       0xd4 ./Drivers/STM32F4xx_HAL_Driver/Src/stm32f4xx_hal_tim.o
 .text.TIM_OC4_SetConfig
                0x0800500c       0xa0 ./Drivers/STM32F4xx_HAL_Driver/Src/stm32f4xx_hal_tim.o
 .text.TIM_TI1_ConfigInputStage
                0x080050ac       0x5e ./Drivers/STM32F4xx_HAL_Driver/Src/stm32f4xx_hal_tim.o
 .text.TIM_TI2_ConfigInputStage
                0x0800510a       0x60 ./Drivers/STM32F4xx_HAL_Driver/Src/stm32f4xx_hal_tim.o
 .text.TIM_ITRx_SetConfig
                0x0800516a       0x36 ./Drivers/STM32F4xx_HAL_Driver/Src/stm32f4xx_hal_tim.o
 .text.TIM_ETR_SetConfig
                0x080051a0       0x40 ./Drivers/STM32F4xx_HAL_Driver/Src/stm32f4xx_hal_tim.o
                0x080051a0                TIM_ETR_SetConfig
 .text.HAL_TIMEx_MasterConfigSynchronization
                0x080051e0       0xdc ./Drivers/STM32F4xx_HAL_Driver/Src/stm32f4xx_hal_tim_ex.o
                0x080051e0                HAL_TIMEx_MasterConfigSynchronization
 .text.HAL_TIMEx_CommutCallback
                0x080052bc       0x14 ./Drivers/STM32F4xx_HAL_Driver/Src/stm32f4xx_hal_tim_ex.o
                0x080052bc                HAL_TIMEx_CommutCallback
 .text.HAL_TIMEx_BreakCallback
                0x080052d0       0x14 ./Drivers/STM32F4xx_HAL_Driver/Src/stm32f4xx_hal_tim_ex.o
                0x080052d0                HAL_TIMEx_BreakCallback
 .text.HAL_UART_Init
                0x080052e4       0xa0 ./Drivers/STM32F4xx_HAL_Driver/Src/stm32f4xx_hal_uart.o
                0x080052e4                HAL_UART_Init
 .text.UART_SetConfig
                0x08005384      0x4e8 ./Drivers/STM32F4xx_HAL_Driver/Src/stm32f4xx_hal_uart.o
 .text.USB_CoreInit
                0x0800586c       0xc8 ./Drivers/STM32F4xx_HAL_Driver/Src/stm32f4xx_ll_usb.o
                0x0800586c                USB_CoreInit
 .text.USB_SetTurnaroundTime
                0x08005934      0x144 ./Drivers/STM32F4xx_HAL_Driver/Src/stm32f4xx_ll_usb.o
                0x08005934                USB_SetTurnaroundTime
 .text.USB_EnableGlobalInt
                0x08005a78       0x22 ./Drivers/STM32F4xx_HAL_Driver/Src/stm32f4xx_ll_usb.o
                0x08005a78                USB_EnableGlobalInt
 .text.USB_DisableGlobalInt
                0x08005a9a       0x22 ./Drivers/STM32F4xx_HAL_Driver/Src/stm32f4xx_ll_usb.o
                0x08005a9a                USB_DisableGlobalInt
 .text.USB_SetCurrentMode
                0x08005abc       0x98 ./Drivers/STM32F4xx_HAL_Driver/Src/stm32f4xx_ll_usb.o
                0x08005abc                USB_SetCurrentMode
 .text.USB_DevInit
                0x08005b54      0x2c8 ./Drivers/STM32F4xx_HAL_Driver/Src/stm32f4xx_ll_usb.o
                0x08005b54                USB_DevInit
 .text.USB_FlushTxFifo
                0x08005e1c       0x64 ./Drivers/STM32F4xx_HAL_Driver/Src/stm32f4xx_ll_usb.o
                0x08005e1c                USB_FlushTxFifo
 .text.USB_FlushRxFifo
                0x08005e80       0x5c ./Drivers/STM32F4xx_HAL_Driver/Src/stm32f4xx_ll_usb.o
                0x08005e80                USB_FlushRxFifo
 .text.USB_SetDevSpeed
                0x08005edc       0x32 ./Drivers/STM32F4xx_HAL_Driver/Src/stm32f4xx_ll_usb.o
                0x08005edc                USB_SetDevSpeed
 .text.USB_GetDevSpeed
                0x08005f0e       0x4a ./Drivers/STM32F4xx_HAL_Driver/Src/stm32f4xx_ll_usb.o
                0x08005f0e                USB_GetDevSpeed
 .text.USB_ActivateEndpoint
                0x08005f58      0x10e ./Drivers/STM32F4xx_HAL_Driver/Src/stm32f4xx_ll_usb.o
                0x08005f58                USB_ActivateEndpoint
 *fill*         0x08006066        0x2 
 .text.USB_DeactivateEndpoint
                0x08006068      0x1b8 ./Drivers/STM32F4xx_HAL_Driver/Src/stm32f4xx_ll_usb.o
                0x08006068                USB_DeactivateEndpoint
 .text.USB_EPStartXfer
                0x08006220      0x53c ./Drivers/STM32F4xx_HAL_Driver/Src/stm32f4xx_ll_usb.o
                0x08006220                USB_EPStartXfer
 .text.USB_EPStopXfer
                0x0800675c      0x154 ./Drivers/STM32F4xx_HAL_Driver/Src/stm32f4xx_ll_usb.o
                0x0800675c                USB_EPStopXfer
 .text.USB_WritePacket
                0x080068b0       0x7c ./Drivers/STM32F4xx_HAL_Driver/Src/stm32f4xx_ll_usb.o
                0x080068b0                USB_WritePacket
 .text.USB_ReadPacket
                0x0800692c       0xb0 ./Drivers/STM32F4xx_HAL_Driver/Src/stm32f4xx_ll_usb.o
                0x0800692c                USB_ReadPacket
 .text.USB_EPSetStall
                0x080069dc       0xdc ./Drivers/STM32F4xx_HAL_Driver/Src/stm32f4xx_ll_usb.o
                0x080069dc                USB_EPSetStall
 .text.USB_EPClearStall
                0x08006ab8       0xcc ./Drivers/STM32F4xx_HAL_Driver/Src/stm32f4xx_ll_usb.o
                0x08006ab8                USB_EPClearStall
 .text.USB_SetDevAddress
                0x08006b84       0x4c ./Drivers/STM32F4xx_HAL_Driver/Src/stm32f4xx_ll_usb.o
                0x08006b84                USB_SetDevAddress
 .text.USB_DevConnect
                0x08006bd0       0x42 ./Drivers/STM32F4xx_HAL_Driver/Src/stm32f4xx_ll_usb.o
                0x08006bd0                USB_DevConnect
 .text.USB_DevDisconnect
                0x08006c12       0x42 ./Drivers/STM32F4xx_HAL_Driver/Src/stm32f4xx_ll_usb.o
                0x08006c12                USB_DevDisconnect
 .text.USB_ReadInterrupts
                0x08006c54       0x26 ./Drivers/STM32F4xx_HAL_Driver/Src/stm32f4xx_ll_usb.o
                0x08006c54                USB_ReadInterrupts
 .text.USB_ReadDevAllOutEpInterrupt
                0x08006c7a       0x34 ./Drivers/STM32F4xx_HAL_Driver/Src/stm32f4xx_ll_usb.o
                0x08006c7a                USB_ReadDevAllOutEpInterrupt
 .text.USB_ReadDevAllInEpInterrupt
                0x08006cae       0x34 ./Drivers/STM32F4xx_HAL_Driver/Src/stm32f4xx_ll_usb.o
                0x08006cae                USB_ReadDevAllInEpInterrupt
 .text.USB_ReadDevOutEPInterrupt
                0x08006ce2       0x3c ./Drivers/STM32F4xx_HAL_Driver/Src/stm32f4xx_ll_usb.o
                0x08006ce2                USB_ReadDevOutEPInterrupt
 .text.USB_ReadDevInEPInterrupt
                0x08006d1e       0x5c ./Drivers/STM32F4xx_HAL_Driver/Src/stm32f4xx_ll_usb.o
                0x08006d1e                USB_ReadDevInEPInterrupt
 .text.USB_GetMode
                0x08006d7a       0x1c ./Drivers/STM32F4xx_HAL_Driver/Src/stm32f4xx_ll_usb.o
                0x08006d7a                USB_GetMode
 .text.USB_ActivateSetup
                0x08006d96       0x46 ./Drivers/STM32F4xx_HAL_Driver/Src/stm32f4xx_ll_usb.o
                0x08006d96                USB_ActivateSetup
 .text.USB_EP0_OutStart
                0x08006ddc       0xbc ./Drivers/STM32F4xx_HAL_Driver/Src/stm32f4xx_ll_usb.o
                0x08006ddc                USB_EP0_OutStart
 .text.USB_CoreReset
                0x08006e98       0x62 ./Drivers/STM32F4xx_HAL_Driver/Src/stm32f4xx_ll_usb.o
 *fill*         0x08006efa        0x2 
 .text.USBD_CDC_Init
                0x08006efc      0x1f0 ./Middlewares/ST/STM32_USB_Device_Library/Class/CDC/Src/usbd_cdc.o
 .text.USBD_CDC_DeInit
                0x080070ec      0x104 ./Middlewares/ST/STM32_USB_Device_Library/Class/CDC/Src/usbd_cdc.o
 .text.USBD_CDC_Setup
                0x080071f0      0x1b8 ./Middlewares/ST/STM32_USB_Device_Library/Class/CDC/Src/usbd_cdc.o
 .text.USBD_CDC_DataIn
                0x080073a8       0xfe ./Middlewares/ST/STM32_USB_Device_Library/Class/CDC/Src/usbd_cdc.o
 .text.USBD_CDC_DataOut
                0x080074a6       0x70 ./Middlewares/ST/STM32_USB_Device_Library/Class/CDC/Src/usbd_cdc.o
 .text.USBD_CDC_EP0_RxReady
                0x08007516       0x74 ./Middlewares/ST/STM32_USB_Device_Library/Class/CDC/Src/usbd_cdc.o
 *fill*         0x0800758a        0x2 
 .text.USBD_CDC_GetFSCfgDesc
                0x0800758c       0x70 ./Middlewares/ST/STM32_USB_Device_Library/Class/CDC/Src/usbd_cdc.o
 .text.USBD_CDC_GetHSCfgDesc
                0x080075fc       0x70 ./Middlewares/ST/STM32_USB_Device_Library/Class/CDC/Src/usbd_cdc.o
 .text.USBD_CDC_GetOtherSpeedCfgDesc
                0x0800766c       0x70 ./Middlewares/ST/STM32_USB_Device_Library/Class/CDC/Src/usbd_cdc.o
 .text.USBD_CDC_GetDeviceQualifierDescriptor
                0x080076dc       0x20 ./Middlewares/ST/STM32_USB_Device_Library/Class/CDC/Src/usbd_cdc.o
                0x080076dc                USBD_CDC_GetDeviceQualifierDescriptor
 .text.USBD_CDC_RegisterInterface
                0x080076fc       0x34 ./Middlewares/ST/STM32_USB_Device_Library/Class/CDC/Src/usbd_cdc.o
                0x080076fc                USBD_CDC_RegisterInterface
 .text.USBD_CDC_SetTxBuffer
                0x08007730       0x44 ./Middlewares/ST/STM32_USB_Device_Library/Class/CDC/Src/usbd_cdc.o
                0x08007730                USBD_CDC_SetTxBuffer
 .text.USBD_CDC_SetRxBuffer
                0x08007774       0x3a ./Middlewares/ST/STM32_USB_Device_Library/Class/CDC/Src/usbd_cdc.o
                0x08007774                USBD_CDC_SetRxBuffer
 *fill*         0x080077ae        0x2 
 .text.USBD_CDC_ReceivePacket
                0x080077b0       0x6c ./Middlewares/ST/STM32_USB_Device_Library/Class/CDC/Src/usbd_cdc.o
                0x080077b0                USBD_CDC_ReceivePacket
 .text.USBD_Init
                0x0800781c       0x60 ./Middlewares/ST/STM32_USB_Device_Library/Core/Src/usbd_core.o
                0x0800781c                USBD_Init
 .text.USBD_RegisterClass
                0x0800787c       0x6c ./Middlewares/ST/STM32_USB_Device_Library/Core/Src/usbd_core.o
                0x0800787c                USBD_RegisterClass
 .text.USBD_Start
                0x080078e8       0x18 ./Middlewares/ST/STM32_USB_Device_Library/Core/Src/usbd_core.o
                0x080078e8                USBD_Start
 .text.USBD_RunTestMode
                0x08007900       0x16 ./Middlewares/ST/STM32_USB_Device_Library/Core/Src/usbd_core.o
                0x08007900                USBD_RunTestMode
 .text.USBD_SetClassConfig
                0x08007916       0x38 ./Middlewares/ST/STM32_USB_Device_Library/Core/Src/usbd_core.o
                0x08007916                USBD_SetClassConfig
 .text.USBD_ClrClassConfig
                0x0800794e       0x34 ./Middlewares/ST/STM32_USB_Device_Library/Core/Src/usbd_core.o
                0x0800794e                USBD_ClrClassConfig
 .text.USBD_LL_SetupStage
                0x08007982       0xaa ./Middlewares/ST/STM32_USB_Device_Library/Core/Src/usbd_core.o
                0x08007982                USBD_LL_SetupStage
 .text.USBD_LL_DataOutStage
                0x08007a2c      0x166 ./Middlewares/ST/STM32_USB_Device_Library/Core/Src/usbd_core.o
                0x08007a2c                USBD_LL_DataOutStage
 .text.USBD_LL_DataInStage
                0x08007b92      0x164 ./Middlewares/ST/STM32_USB_Device_Library/Core/Src/usbd_core.o
                0x08007b92                USBD_LL_DataInStage
 .text.USBD_LL_Reset
                0x08007cf6       0xa4 ./Middlewares/ST/STM32_USB_Device_Library/Core/Src/usbd_core.o
                0x08007cf6                USBD_LL_Reset
 .text.USBD_LL_SetSpeed
                0x08007d9a       0x20 ./Middlewares/ST/STM32_USB_Device_Library/Core/Src/usbd_core.o
                0x08007d9a                USBD_LL_SetSpeed
 .text.USBD_LL_Suspend
                0x08007dba       0x38 ./Middlewares/ST/STM32_USB_Device_Library/Core/Src/usbd_core.o
                0x08007dba                USBD_LL_Suspend
 .text.USBD_LL_Resume
                0x08007df2       0x30 ./Middlewares/ST/STM32_USB_Device_Library/Core/Src/usbd_core.o
                0x08007df2                USBD_LL_Resume
 .text.USBD_LL_SOF
                0x08007e22       0x40 ./Middlewares/ST/STM32_USB_Device_Library/Core/Src/usbd_core.o
                0x08007e22                USBD_LL_SOF
 .text.USBD_LL_IsoINIncomplete
                0x08007e62       0x64 ./Middlewares/ST/STM32_USB_Device_Library/Core/Src/usbd_core.o
                0x08007e62                USBD_LL_IsoINIncomplete
 .text.USBD_LL_IsoOUTIncomplete
                0x08007ec6       0x64 ./Middlewares/ST/STM32_USB_Device_Library/Core/Src/usbd_core.o
                0x08007ec6                USBD_LL_IsoOUTIncomplete
 .text.USBD_LL_DevConnected
                0x08007f2a       0x16 ./Middlewares/ST/STM32_USB_Device_Library/Core/Src/usbd_core.o
                0x08007f2a                USBD_LL_DevConnected
 .text.USBD_LL_DevDisconnected
                0x08007f40       0x46 ./Middlewares/ST/STM32_USB_Device_Library/Core/Src/usbd_core.o
                0x08007f40                USBD_LL_DevDisconnected
 .text.USBD_CoreFindIF
                0x08007f86       0x1a ./Middlewares/ST/STM32_USB_Device_Library/Core/Src/usbd_core.o
                0x08007f86                USBD_CoreFindIF
 .text.USBD_CoreFindEP
                0x08007fa0       0x1a ./Middlewares/ST/STM32_USB_Device_Library/Core/Src/usbd_core.o
                0x08007fa0                USBD_CoreFindEP
 .text.USBD_GetEpDesc
                0x08007fba       0x70 ./Middlewares/ST/STM32_USB_Device_Library/Core/Src/usbd_core.o
                0x08007fba                USBD_GetEpDesc
 .text.USBD_GetNextDesc
                0x0800802a       0x38 ./Middlewares/ST/STM32_USB_Device_Library/Core/Src/usbd_core.o
                0x0800802a                USBD_GetNextDesc
 .text.SWAPBYTE
                0x08008062       0x3e ./Middlewares/ST/STM32_USB_Device_Library/Core/Src/usbd_ctlreq.o
 .text.USBD_StdDevReq
                0x080080a0       0xe4 ./Middlewares/ST/STM32_USB_Device_Library/Core/Src/usbd_ctlreq.o
                0x080080a0                USBD_StdDevReq
 .text.USBD_StdItfReq
                0x08008184       0xd8 ./Middlewares/ST/STM32_USB_Device_Library/Core/Src/usbd_ctlreq.o
                0x08008184                USBD_StdItfReq
 .text.USBD_StdEPReq
                0x0800825c      0x33a ./Middlewares/ST/STM32_USB_Device_Library/Core/Src/usbd_ctlreq.o
                0x0800825c                USBD_StdEPReq
 *fill*         0x08008596        0x2 
 .text.USBD_GetDescriptor
                0x08008598      0x2d4 ./Middlewares/ST/STM32_USB_Device_Library/Core/Src/usbd_ctlreq.o
 .text.USBD_SetAddress
                0x0800886c       0x88 ./Middlewares/ST/STM32_USB_Device_Library/Core/Src/usbd_ctlreq.o
 .text.USBD_SetConfig
                0x080088f4      0x154 ./Middlewares/ST/STM32_USB_Device_Library/Core/Src/usbd_ctlreq.o
 .text.USBD_GetConfig
                0x08008a48       0x6c ./Middlewares/ST/STM32_USB_Device_Library/Core/Src/usbd_ctlreq.o
 .text.USBD_GetStatus
                0x08008ab4       0x68 ./Middlewares/ST/STM32_USB_Device_Library/Core/Src/usbd_ctlreq.o
 .text.USBD_SetFeature
                0x08008b1c       0x52 ./Middlewares/ST/STM32_USB_Device_Library/Core/Src/usbd_ctlreq.o
 .text.USBD_ClrFeature
                0x08008b6e       0x44 ./Middlewares/ST/STM32_USB_Device_Library/Core/Src/usbd_ctlreq.o
 .text.USBD_ParseSetupRequest
                0x08008bb2       0x74 ./Middlewares/ST/STM32_USB_Device_Library/Core/Src/usbd_ctlreq.o
                0x08008bb2                USBD_ParseSetupRequest
 .text.USBD_CtlError
                0x08008c26       0x22 ./Middlewares/ST/STM32_USB_Device_Library/Core/Src/usbd_ctlreq.o
                0x08008c26                USBD_CtlError
 .text.USBD_GetString
                0x08008c48       0xa4 ./Middlewares/ST/STM32_USB_Device_Library/Core/Src/usbd_ctlreq.o
                0x08008c48                USBD_GetString
 .text.USBD_GetLen
                0x08008cec       0x34 ./Middlewares/ST/STM32_USB_Device_Library/Core/Src/usbd_ctlreq.o
 .text.USBD_CtlSendData
                0x08008d20       0x36 ./Middlewares/ST/STM32_USB_Device_Library/Core/Src/usbd_ioreq.o
                0x08008d20                USBD_CtlSendData
 .text.USBD_CtlContinueSendData
                0x08008d56       0x22 ./Middlewares/ST/STM32_USB_Device_Library/Core/Src/usbd_ioreq.o
                0x08008d56                USBD_CtlContinueSendData
 .text.USBD_CtlPrepareRx
                0x08008d78       0x3a ./Middlewares/ST/STM32_USB_Device_Library/Core/Src/usbd_ioreq.o
                0x08008d78                USBD_CtlPrepareRx
 .text.USBD_CtlContinueRx
                0x08008db2       0x22 ./Middlewares/ST/STM32_USB_Device_Library/Core/Src/usbd_ioreq.o
                0x08008db2                USBD_CtlContinueRx
 .text.USBD_CtlSendStatus
                0x08008dd4       0x26 ./Middlewares/ST/STM32_USB_Device_Library/Core/Src/usbd_ioreq.o
                0x08008dd4                USBD_CtlSendStatus
 .text.USBD_CtlReceiveStatus
                0x08008dfa       0x26 ./Middlewares/ST/STM32_USB_Device_Library/Core/Src/usbd_ioreq.o
                0x08008dfa                USBD_CtlReceiveStatus
 .text.MX_USB_DEVICE_Init
                0x08008e20       0x60 ./USB_DEVICE/App/usb_device.o
                0x08008e20                MX_USB_DEVICE_Init
 .text.CDC_Init_FS
                0x08008e80       0x28 ./USB_DEVICE/App/usbd_cdc_if.o
 .text.CDC_DeInit_FS
                0x08008ea8       0x10 ./USB_DEVICE/App/usbd_cdc_if.o
 .text.CDC_Control_FS
                0x08008eb8       0xbc ./USB_DEVICE/App/usbd_cdc_if.o
 .text.CDC_Receive_FS
                0x08008f74       0x28 ./USB_DEVICE/App/usbd_cdc_if.o
 .text.CDC_TransmitCplt_FS
                0x08008f9c       0x22 ./USB_DEVICE/App/usbd_cdc_if.o
 *fill*         0x08008fbe        0x2 
 .text.USBD_FS_DeviceDescriptor
                0x08008fc0       0x24 ./USB_DEVICE/App/usbd_desc.o
                0x08008fc0                USBD_FS_DeviceDescriptor
 .text.USBD_FS_LangIDStrDescriptor
                0x08008fe4       0x24 ./USB_DEVICE/App/usbd_desc.o
                0x08008fe4                USBD_FS_LangIDStrDescriptor
 .text.USBD_FS_ProductStrDescriptor
                0x08009008       0x3c ./USB_DEVICE/App/usbd_desc.o
                0x08009008                USBD_FS_ProductStrDescriptor
 .text.USBD_FS_ManufacturerStrDescriptor
                0x08009044       0x28 ./USB_DEVICE/App/usbd_desc.o
                0x08009044                USBD_FS_ManufacturerStrDescriptor
 .text.USBD_FS_SerialStrDescriptor
                0x0800906c       0x24 ./USB_DEVICE/App/usbd_desc.o
                0x0800906c                USBD_FS_SerialStrDescriptor
 .text.USBD_FS_ConfigStrDescriptor
                0x08009090       0x3c ./USB_DEVICE/App/usbd_desc.o
                0x08009090                USBD_FS_ConfigStrDescriptor
 .text.USBD_FS_InterfaceStrDescriptor
                0x080090cc       0x3c ./USB_DEVICE/App/usbd_desc.o
                0x080090cc                USBD_FS_InterfaceStrDescriptor
 .text.Get_SerialNum
                0x08009108       0x58 ./USB_DEVICE/App/usbd_desc.o
 .text.IntToUnicode
                0x08009160       0x7e ./USB_DEVICE/App/usbd_desc.o
 *fill*         0x080091de        0x2 
 .text.HAL_PCD_MspInit
                0x080091e0       0xa8 ./USB_DEVICE/Target/usbd_conf.o
                0x080091e0                HAL_PCD_MspInit
 .text.HAL_PCD_SetupStageCallback
                0x08009288       0x24 ./USB_DEVICE/Target/usbd_conf.o
                0x08009288                HAL_PCD_SetupStageCallback
 .text.HAL_PCD_DataOutStageCallback
                0x080092ac       0x36 ./USB_DEVICE/Target/usbd_conf.o
                0x080092ac                HAL_PCD_DataOutStageCallback
 .text.HAL_PCD_DataInStageCallback
                0x080092e2       0x34 ./USB_DEVICE/Target/usbd_conf.o
                0x080092e2                HAL_PCD_DataInStageCallback
 .text.HAL_PCD_SOFCallback
                0x08009316       0x1c ./USB_DEVICE/Target/usbd_conf.o
                0x08009316                HAL_PCD_SOFCallback
 .text.HAL_PCD_ResetCallback
                0x08009332       0x3c ./USB_DEVICE/Target/usbd_conf.o
                0x08009332                HAL_PCD_ResetCallback
 *fill*         0x0800936e        0x2 
 .text.HAL_PCD_SuspendCallback
                0x08009370       0x4c ./USB_DEVICE/Target/usbd_conf.o
                0x08009370                HAL_PCD_SuspendCallback
 .text.HAL_PCD_ResumeCallback
                0x080093bc       0x1c ./USB_DEVICE/Target/usbd_conf.o
                0x080093bc                HAL_PCD_ResumeCallback
 .text.HAL_PCD_ISOOUTIncompleteCallback
                0x080093d8       0x24 ./USB_DEVICE/Target/usbd_conf.o
                0x080093d8                HAL_PCD_ISOOUTIncompleteCallback
 .text.HAL_PCD_ISOINIncompleteCallback
                0x080093fc       0x24 ./USB_DEVICE/Target/usbd_conf.o
                0x080093fc                HAL_PCD_ISOINIncompleteCallback
 .text.HAL_PCD_ConnectCallback
                0x08009420       0x1c ./USB_DEVICE/Target/usbd_conf.o
                0x08009420                HAL_PCD_ConnectCallback
 .text.HAL_PCD_DisconnectCallback
                0x0800943c       0x1c ./USB_DEVICE/Target/usbd_conf.o
                0x0800943c                HAL_PCD_DisconnectCallback
 .text.USBD_LL_Init
                0x08009458       0x98 ./USB_DEVICE/Target/usbd_conf.o
                0x08009458                USBD_LL_Init
 .text.USBD_LL_Start
                0x080094f0       0x36 ./USB_DEVICE/Target/usbd_conf.o
                0x080094f0                USBD_LL_Start
 .text.USBD_LL_OpenEP
                0x08009526       0x4c ./USB_DEVICE/Target/usbd_conf.o
                0x08009526                USBD_LL_OpenEP
 .text.USBD_LL_CloseEP
                0x08009572       0x3e ./USB_DEVICE/Target/usbd_conf.o
                0x08009572                USBD_LL_CloseEP
 .text.USBD_LL_StallEP
                0x080095b0       0x3e ./USB_DEVICE/Target/usbd_conf.o
                0x080095b0                USBD_LL_StallEP
 .text.USBD_LL_ClearStallEP
                0x080095ee       0x3e ./USB_DEVICE/Target/usbd_conf.o
                0x080095ee                USBD_LL_ClearStallEP
 .text.USBD_LL_IsStallEP
                0x0800962c       0x58 ./USB_DEVICE/Target/usbd_conf.o
                0x0800962c                USBD_LL_IsStallEP
 .text.USBD_LL_SetUSBAddress
                0x08009684       0x3e ./USB_DEVICE/Target/usbd_conf.o
                0x08009684                USBD_LL_SetUSBAddress
 .text.USBD_LL_Transmit
                0x080096c2       0x42 ./USB_DEVICE/Target/usbd_conf.o
                0x080096c2                USBD_LL_Transmit
 .text.USBD_LL_PrepareReceive
                0x08009704       0x42 ./USB_DEVICE/Target/usbd_conf.o
                0x08009704                USBD_LL_PrepareReceive
 .text.USBD_LL_GetRxDataSize
                0x08009746       0x26 ./USB_DEVICE/Target/usbd_conf.o
                0x08009746                USBD_LL_GetRxDataSize
 .text.USBD_static_malloc
                0x0800976c       0x1c ./USB_DEVICE/Target/usbd_conf.o
                0x0800976c                USBD_static_malloc
 .text.USBD_static_free
                0x08009788       0x14 ./USB_DEVICE/Target/usbd_conf.o
                0x08009788                USBD_static_free
 .text.USBD_Get_USB_Status
                0x0800979c       0x58 ./USB_DEVICE/Target/usbd_conf.o
                0x0800979c                USBD_Get_USB_Status
 .text.memset   0x080097f4       0x10 /opt/st/stm32cubeide_1.18.1/plugins/com.st.stm32cube.ide.mcu.externaltools.gnu-tools-for-stm32.13.3.rel1.linux64_1.0.0.202410170706/tools/bin/../lib/gcc/arm-none-eabi/13.3.1/../../../../arm-none-eabi/lib/thumb/v7e-m+fp/hard/libc_nano.a(libc_a-memset.o)
                0x080097f4                memset
 .text.__libc_init_array
                0x08009804       0x48 /opt/st/stm32cubeide_1.18.1/plugins/com.st.stm32cube.ide.mcu.externaltools.gnu-tools-for-stm32.13.3.rel1.linux64_1.0.0.202410170706/tools/bin/../lib/gcc/arm-none-eabi/13.3.1/../../../../arm-none-eabi/lib/thumb/v7e-m+fp/hard/libc_nano.a(libc_a-init.o)
                0x08009804                __libc_init_array
 *(.glue_7)
 .glue_7        0x0800984c        0x0 linker stubs
 *(.glue_7t)
 .glue_7t       0x0800984c        0x0 linker stubs
 *(.eh_frame)
 .eh_frame      0x0800984c        0x0 /opt/st/stm32cubeide_1.18.1/plugins/com.st.stm32cube.ide.mcu.externaltools.gnu-tools-for-stm32.13.3.rel1.linux64_1.0.0.202410170706/tools/bin/../lib/gcc/arm-none-eabi/13.3.1/thumb/v7e-m+fp/hard/crtbegin.o
 *(.init)
 .init          0x0800984c        0x4 /opt/st/stm32cubeide_1.18.1/plugins/com.st.stm32cube.ide.mcu.externaltools.gnu-tools-for-stm32.13.3.rel1.linux64_1.0.0.202410170706/tools/bin/../lib/gcc/arm-none-eabi/13.3.1/thumb/v7e-m+fp/hard/crti.o
                0x0800984c                _init
 .init          0x08009850        0x8 /opt/st/stm32cubeide_1.18.1/plugins/com.st.stm32cube.ide.mcu.externaltools.gnu-tools-for-stm32.13.3.rel1.linux64_1.0.0.202410170706/tools/bin/../lib/gcc/arm-none-eabi/13.3.1/thumb/v7e-m+fp/hard/crtn.o
 *(.fini)
 .fini          0x08009858        0x4 /opt/st/stm32cubeide_1.18.1/plugins/com.st.stm32cube.ide.mcu.externaltools.gnu-tools-for-stm32.13.3.rel1.linux64_1.0.0.202410170706/tools/bin/../lib/gcc/arm-none-eabi/13.3.1/thumb/v7e-m+fp/hard/crti.o
                0x08009858                _fini
 .fini          0x0800985c        0x8 /opt/st/stm32cubeide_1.18.1/plugins/com.st.stm32cube.ide.mcu.externaltools.gnu-tools-for-stm32.13.3.rel1.linux64_1.0.0.202410170706/tools/bin/../lib/gcc/arm-none-eabi/13.3.1/thumb/v7e-m+fp/hard/crtn.o
                0x08009864                        . = ALIGN (0x4)
                0x08009864                        _etext = .

.vfp11_veneer   0x08009864        0x0
 .vfp11_veneer  0x08009864        0x0 linker stubs

.v4_bx          0x08009864        0x0
 .v4_bx         0x08009864        0x0 linker stubs

.iplt           0x08009864        0x0
 .iplt          0x08009864        0x0 /opt/st/stm32cubeide_1.18.1/plugins/com.st.stm32cube.ide.mcu.externaltools.gnu-tools-for-stm32.13.3.rel1.linux64_1.0.0.202410170706/tools/bin/../lib/gcc/arm-none-eabi/13.3.1/thumb/v7e-m+fp/hard/crtbegin.o

.rodata         0x08009864       0x60
                0x08009864                        . = ALIGN (0x4)
 *(.rodata)
 .rodata        0x08009864       0x46 ./USB_DEVICE/App/usbd_desc.o
 *(.rodata*)
 *fill*         0x080098aa        0x2 
 .rodata.AHBPrescTable
                0x080098ac       0x10 ./Core/Src/system_stm32f4xx.o
                0x080098ac                AHBPrescTable
 .rodata.APBPrescTable
                0x080098bc        0x8 ./Core/Src/system_stm32f4xx.o
                0x080098bc                APBPrescTable
                0x080098c4                        . = ALIGN (0x4)

.ARM.extab      0x080098c4        0x0
                0x080098c4                        . = ALIGN (0x4)
 *(.ARM.extab* .gnu.linkonce.armextab.*)
                0x080098c4                        . = ALIGN (0x4)

.ARM            0x080098c4        0x8
                0x080098c4                        . = ALIGN (0x4)
                0x080098c4                        __exidx_start = .
 *(.ARM.exidx*)
 .ARM.exidx     0x080098c4        0x8 /opt/st/stm32cubeide_1.18.1/plugins/com.st.stm32cube.ide.mcu.externaltools.gnu-tools-for-stm32.13.3.rel1.linux64_1.0.0.202410170706/tools/bin/../lib/gcc/arm-none-eabi/13.3.1/thumb/v7e-m+fp/hard/libgcc.a(_udivmoddi4.o)
                0x080098cc                        __exidx_end = .
                0x080098cc                        . = ALIGN (0x4)

.preinit_array  0x080098cc        0x0
                0x080098cc                        . = ALIGN (0x4)
                0x080098cc                        PROVIDE (__preinit_array_start = .)
 *(.preinit_array*)
                0x080098cc                        PROVIDE (__preinit_array_end = .)
                0x080098cc                        . = ALIGN (0x4)

.init_array     0x080098cc        0x4
                0x080098cc                        . = ALIGN (0x4)
                0x080098cc                        PROVIDE (__init_array_start = .)
 *(SORT_BY_NAME(.init_array.*))
 *(.init_array*)
 .init_array    0x080098cc        0x4 /opt/st/stm32cubeide_1.18.1/plugins/com.st.stm32cube.ide.mcu.externaltools.gnu-tools-for-stm32.13.3.rel1.linux64_1.0.0.202410170706/tools/bin/../lib/gcc/arm-none-eabi/13.3.1/thumb/v7e-m+fp/hard/crtbegin.o
                0x080098d0                        PROVIDE (__init_array_end = .)
                0x080098d0                        . = ALIGN (0x4)

.fini_array     0x080098d0        0x4
                0x080098d0                        . = ALIGN (0x4)
                [!provide]                        PROVIDE (__fini_array_start = .)
 *(SORT_BY_NAME(.fini_array.*))
 *(.fini_array*)
 .fini_array    0x080098d0        0x4 /opt/st/stm32cubeide_1.18.1/plugins/com.st.stm32cube.ide.mcu.externaltools.gnu-tools-for-stm32.13.3.rel1.linux64_1.0.0.202410170706/tools/bin/../lib/gcc/arm-none-eabi/13.3.1/thumb/v7e-m+fp/hard/crtbegin.o
                [!provide]                        PROVIDE (__fini_array_end = .)
                0x080098d4                        . = ALIGN (0x4)
                0x080098d4                        _sidata = LOADADDR (.data)

.rel.dyn        0x080098d4        0x0
 .rel.iplt      0x080098d4        0x0 /opt/st/stm32cubeide_1.18.1/plugins/com.st.stm32cube.ide.mcu.externaltools.gnu-tools-for-stm32.13.3.rel1.linux64_1.0.0.202410170706/tools/bin/../lib/gcc/arm-none-eabi/13.3.1/thumb/v7e-m+fp/hard/crtbegin.o

.data           0x20000000       0xfc load address 0x080098d4
                0x20000000                        . = ALIGN (0x4)
                0x20000000                        _sdata = .
 *(.data)
 *(.data*)
 .data.SystemCoreClock
                0x20000000        0x4 ./Core/Src/system_stm32f4xx.o
                0x20000000                SystemCoreClock
 .data.uwTickPrio
                0x20000004        0x4 ./Drivers/STM32F4xx_HAL_Driver/Src/stm32f4xx_hal.o
                0x20000004                uwTickPrio
 .data.uwTickFreq
                0x20000008        0x1 ./Drivers/STM32F4xx_HAL_Driver/Src/stm32f4xx_hal.o
                0x20000008                uwTickFreq
 *fill*         0x20000009        0x3 
 .data.USBD_CDC_DeviceQualifierDesc
                0x2000000c        0xa ./Middlewares/ST/STM32_USB_Device_Library/Class/CDC/Src/usbd_cdc.o
 *fill*         0x20000016        0x2 
 .data.USBD_CDC
                0x20000018       0x38 ./Middlewares/ST/STM32_USB_Device_Library/Class/CDC/Src/usbd_cdc.o
                0x20000018                USBD_CDC
 .data.USBD_CDC_CfgDesc
                0x20000050       0x43 ./Middlewares/ST/STM32_USB_Device_Library/Class/CDC/Src/usbd_cdc.o
 .data.CDCInEpAdd
                0x20000093        0x1 ./Middlewares/ST/STM32_USB_Device_Library/Class/CDC/Src/usbd_cdc.o
 .data.CDCOutEpAdd
                0x20000094        0x1 ./Middlewares/ST/STM32_USB_Device_Library/Class/CDC/Src/usbd_cdc.o
 .data.CDCCmdEpAdd
                0x20000095        0x1 ./Middlewares/ST/STM32_USB_Device_Library/Class/CDC/Src/usbd_cdc.o
 *fill*         0x20000096        0x2 
 .data.USBD_Interface_fops_FS
                0x20000098       0x14 ./USB_DEVICE/App/usbd_cdc_if.o
                0x20000098                USBD_Interface_fops_FS
 .data.FS_Desc  0x200000ac       0x1c ./USB_DEVICE/App/usbd_desc.o
                0x200000ac                FS_Desc
 .data.USBD_FS_DeviceDesc
                0x200000c8       0x12 ./USB_DEVICE/App/usbd_desc.o
                0x200000c8                USBD_FS_DeviceDesc
 *fill*         0x200000da        0x2 
 .data.USBD_LangIDDesc
                0x200000dc        0x4 ./USB_DEVICE/App/usbd_desc.o
                0x200000dc                USBD_LangIDDesc
 .data.USBD_StringSerial
                0x200000e0       0x1a ./USB_DEVICE/App/usbd_desc.o
                0x200000e0                USBD_StringSerial
 *(.RamFunc)
 *(.RamFunc*)
                0x200000fc                        . = ALIGN (0x4)
 *fill*         0x200000fa        0x2 
                0x200000fc                        _edata = .

.igot.plt       0x200000fc        0x0 load address 0x080099d0
 .igot.plt      0x200000fc        0x0 /opt/st/stm32cubeide_1.18.1/plugins/com.st.stm32cube.ide.mcu.externaltools.gnu-tools-for-stm32.13.3.rel1.linux64_1.0.0.202410170706/tools/bin/../lib/gcc/arm-none-eabi/13.3.1/thumb/v7e-m+fp/hard/crtbegin.o
                0x200000fc                        . = ALIGN (0x4)

.bss            0x200000fc     0x1638 load address 0x080099d0
                0x200000fc                        _sbss = .
                0x200000fc                        __bss_start__ = _sbss
 *(.bss)
 .bss           0x200000fc       0x1c /opt/st/stm32cubeide_1.18.1/plugins/com.st.stm32cube.ide.mcu.externaltools.gnu-tools-for-stm32.13.3.rel1.linux64_1.0.0.202410170706/tools/bin/../lib/gcc/arm-none-eabi/13.3.1/thumb/v7e-m+fp/hard/crtbegin.o
 *(.bss*)
 .bss.hadc1     0x20000118       0x48 ./Core/Src/adc.o
                0x20000118                hadc1
 .bss.sendTelemetryFlag
                0x20000160        0x1 ./Core/Src/main.o
                0x20000160                sendTelemetryFlag
 *fill*         0x20000161        0x3 
 .bss.results   0x20000164       0x18 ./Core/Src/main.o
                0x20000164                results
 .bss.hspi1     0x2000017c       0x58 ./Core/Src/spi.o
                0x2000017c                hspi1
 .bss.hspi2     0x200001d4       0x58 ./Core/Src/spi.o
                0x200001d4                hspi2
 .bss.htim2     0x2000022c       0x48 ./Core/Src/tim.o
                0x2000022c                htim2
 .bss.htim3     0x20000274       0x48 ./Core/Src/tim.o
                0x20000274                htim3
 .bss.htim4     0x200002bc       0x48 ./Core/Src/tim.o
                0x200002bc                htim4
 .bss.huart1    0x20000304       0x48 ./Core/Src/usart.o
                0x20000304                huart1
 .bss.uwTick    0x2000034c        0x4 ./Drivers/STM32F4xx_HAL_Driver/Src/stm32f4xx_hal.o
                0x2000034c                uwTick
 .bss.cfgidx.0  0x20000350        0x1 ./Middlewares/ST/STM32_USB_Device_Library/Core/Src/usbd_ctlreq.o
 *fill*         0x20000351        0x3 
 .bss.hUsbDeviceFS
                0x20000354      0x2dc ./USB_DEVICE/App/usb_device.o
                0x20000354                hUsbDeviceFS
 .bss.UserRxBufferFS
                0x20000630      0x400 ./USB_DEVICE/App/usbd_cdc_if.o
                0x20000630                UserRxBufferFS
 .bss.UserTxBufferFS
                0x20000a30      0x400 ./USB_DEVICE/App/usbd_cdc_if.o
                0x20000a30                UserTxBufferFS
 .bss.USBD_StrDesc
                0x20000e30      0x200 ./USB_DEVICE/App/usbd_desc.o
                0x20000e30                USBD_StrDesc
 .bss.hpcd_USB_OTG_FS
                0x20001030      0x4e4 ./USB_DEVICE/Target/usbd_conf.o
                0x20001030                hpcd_USB_OTG_FS
 .bss.mem.0     0x20001514      0x220 ./USB_DEVICE/Target/usbd_conf.o
 *(COMMON)
                0x20001734                        . = ALIGN (0x4)
                0x20001734                        _ebss = .
                0x20001734                        __bss_end__ = _ebss

._user_heap_stack
                0x20001734      0x604 load address 0x080099d0
                0x20001738                        . = ALIGN (0x8)
 *fill*         0x20001734        0x4 
                [!provide]                        PROVIDE (end = .)
                0x20001738                        PROVIDE (_end = .)
                0x20001938                        . = (. + _Min_Heap_Size)
 *fill*         0x20001738      0x200 
                0x20001d38                        . = (. + _Min_Stack_Size)
 *fill*         0x20001938      0x400 
                0x20001d38                        . = ALIGN (0x8)

/DISCARD/
 libc.a(*)
 libm.a(*)
 libgcc.a(*)

.ARM.attributes
                0x00000000       0x30
 *(.ARM.attributes)
 .ARM.attributes
                0x00000000       0x22 /opt/st/stm32cubeide_1.18.1/plugins/com.st.stm32cube.ide.mcu.externaltools.gnu-tools-for-stm32.13.3.rel1.linux64_1.0.0.202410170706/tools/bin/../lib/gcc/arm-none-eabi/13.3.1/thumb/v7e-m+fp/hard/crti.o
 .ARM.attributes
                0x00000022       0x34 /opt/st/stm32cubeide_1.18.1/plugins/com.st.stm32cube.ide.mcu.externaltools.gnu-tools-for-stm32.13.3.rel1.linux64_1.0.0.202410170706/tools/bin/../lib/gcc/arm-none-eabi/13.3.1/thumb/v7e-m+fp/hard/crtbegin.o
 .ARM.attributes
                0x00000056       0x34 ./Core/Src/adc.o
 .ARM.attributes
                0x0000008a       0x34 ./Core/Src/gpio.o
 .ARM.attributes
                0x000000be       0x34 ./Core/Src/main.o
 .ARM.attributes
                0x000000f2       0x34 ./Core/Src/spi.o
 .ARM.attributes
                0x00000126       0x34 ./Core/Src/stm32f4xx_hal_msp.o
 .ARM.attributes
                0x0000015a       0x34 ./Core/Src/stm32f4xx_it.o
 .ARM.attributes
                0x0000018e       0x34 ./Core/Src/system_stm32f4xx.o
 .ARM.attributes
                0x000001c2       0x34 ./Core/Src/tim.o
 .ARM.attributes
                0x000001f6       0x34 ./Core/Src/usart.o
 .ARM.attributes
                0x0000022a       0x21 ./Core/Startup/startup_stm32f401rctx.o
 .ARM.attributes
                0x0000024b       0x34 ./Drivers/STM32F4xx_HAL_Driver/Src/stm32f4xx_hal.o
 .ARM.attributes
                0x0000027f       0x34 ./Drivers/STM32F4xx_HAL_Driver/Src/stm32f4xx_hal_adc.o
 .ARM.attributes
                0x000002b3       0x34 ./Drivers/STM32F4xx_HAL_Driver/Src/stm32f4xx_hal_cortex.o
 .ARM.attributes
                0x000002e7       0x34 ./Drivers/STM32F4xx_HAL_Driver/Src/stm32f4xx_hal_gpio.o
 .ARM.attributes
                0x0000031b       0x34 ./Drivers/STM32F4xx_HAL_Driver/Src/stm32f4xx_hal_pcd.o
 .ARM.attributes
                0x0000034f       0x34 ./Drivers/STM32F4xx_HAL_Driver/Src/stm32f4xx_hal_pcd_ex.o
 .ARM.attributes
                0x00000383       0x34 ./Drivers/STM32F4xx_HAL_Driver/Src/stm32f4xx_hal_rcc.o
 .ARM.attributes
                0x000003b7       0x34 ./Drivers/STM32F4xx_HAL_Driver/Src/stm32f4xx_hal_spi.o
 .ARM.attributes
                0x000003eb       0x34 ./Drivers/STM32F4xx_HAL_Driver/Src/stm32f4xx_hal_tim.o
 .ARM.attributes
                0x0000041f       0x34 ./Drivers/STM32F4xx_HAL_Driver/Src/stm32f4xx_hal_tim_ex.o
 .ARM.attributes
                0x00000453       0x34 ./Drivers/STM32F4xx_HAL_Driver/Src/stm32f4xx_hal_uart.o
 .ARM.attributes
                0x00000487       0x34 ./Drivers/STM32F4xx_HAL_Driver/Src/stm32f4xx_ll_usb.o
 .ARM.attributes
                0x000004bb       0x34 ./Middlewares/ST/STM32_USB_Device_Library/Class/CDC/Src/usbd_cdc.o
 .ARM.attributes
                0x000004ef       0x34 ./Middlewares/ST/STM32_USB_Device_Library/Core/Src/usbd_core.o
 .ARM.attributes
                0x00000523       0x34 ./Middlewares/ST/STM32_USB_Device_Library/Core/Src/usbd_ctlreq.o
 .ARM.attributes
                0x00000557       0x34 ./Middlewares/ST/STM32_USB_Device_Library/Core/Src/usbd_ioreq.o
 .ARM.attributes
                0x0000058b       0x34 ./USB_DEVICE/App/usb_device.o
 .ARM.attributes
                0x000005bf       0x34 ./USB_DEVICE/App/usbd_cdc_if.o
 .ARM.attributes
                0x000005f3       0x34 ./USB_DEVICE/App/usbd_desc.o
 .ARM.attributes
                0x00000627       0x34 ./USB_DEVICE/Target/usbd_conf.o
 .ARM.attributes
                0x0000065b       0x34 /opt/st/stm32cubeide_1.18.1/plugins/com.st.stm32cube.ide.mcu.externaltools.gnu-tools-for-stm32.13.3.rel1.linux64_1.0.0.202410170706/tools/bin/../lib/gcc/arm-none-eabi/13.3.1/../../../../arm-none-eabi/lib/thumb/v7e-m+fp/hard/libc_nano.a(libc_a-memset.o)
 .ARM.attributes
                0x0000068f       0x34 /opt/st/stm32cubeide_1.18.1/plugins/com.st.stm32cube.ide.mcu.externaltools.gnu-tools-for-stm32.13.3.rel1.linux64_1.0.0.202410170706/tools/bin/../lib/gcc/arm-none-eabi/13.3.1/../../../../arm-none-eabi/lib/thumb/v7e-m+fp/hard/libc_nano.a(libc_a-init.o)
 .ARM.attributes
                0x000006c3       0x22 /opt/st/stm32cubeide_1.18.1/plugins/com.st.stm32cube.ide.mcu.externaltools.gnu-tools-for-stm32.13.3.rel1.linux64_1.0.0.202410170706/tools/bin/../lib/gcc/arm-none-eabi/13.3.1/thumb/v7e-m+fp/hard/libgcc.a(_aeabi_uldivmod.o)
 .ARM.attributes
                0x000006e5       0x34 /opt/st/stm32cubeide_1.18.1/plugins/com.st.stm32cube.ide.mcu.externaltools.gnu-tools-for-stm32.13.3.rel1.linux64_1.0.0.202410170706/tools/bin/../lib/gcc/arm-none-eabi/13.3.1/thumb/v7e-m+fp/hard/libgcc.a(_udivmoddi4.o)
 .ARM.attributes
                0x00000719       0x22 /opt/st/stm32cubeide_1.18.1/plugins/com.st.stm32cube.ide.mcu.externaltools.gnu-tools-for-stm32.13.3.rel1.linux64_1.0.0.202410170706/tools/bin/../lib/gcc/arm-none-eabi/13.3.1/thumb/v7e-m+fp/hard/libgcc.a(_dvmd_tls.o)
 .ARM.attributes
                0x0000073b       0x22 /opt/st/stm32cubeide_1.18.1/plugins/com.st.stm32cube.ide.mcu.externaltools.gnu-tools-for-stm32.13.3.rel1.linux64_1.0.0.202410170706/tools/bin/../lib/gcc/arm-none-eabi/13.3.1/thumb/v7e-m+fp/hard/crtn.o
OUTPUT(main-board.elf elf32-littlearm)
LOAD linker stubs
LOAD /opt/st/stm32cubeide_1.18.1/plugins/com.st.stm32cube.ide.mcu.externaltools.gnu-tools-for-stm32.13.3.rel1.linux64_1.0.0.202410170706/tools/bin/../lib/gcc/arm-none-eabi/13.3.1/../../../../arm-none-eabi/lib/thumb/v7e-m+fp/hard/libc.a
LOAD /opt/st/stm32cubeide_1.18.1/plugins/com.st.stm32cube.ide.mcu.externaltools.gnu-tools-for-stm32.13.3.rel1.linux64_1.0.0.202410170706/tools/bin/../lib/gcc/arm-none-eabi/13.3.1/../../../../arm-none-eabi/lib/thumb/v7e-m+fp/hard/libm.a
LOAD /opt/st/stm32cubeide_1.18.1/plugins/com.st.stm32cube.ide.mcu.externaltools.gnu-tools-for-stm32.13.3.rel1.linux64_1.0.0.202410170706/tools/bin/../lib/gcc/arm-none-eabi/13.3.1/thumb/v7e-m+fp/hard/libgcc.a

.debug_info     0x00000000    0x1ab9e
 .debug_info    0x00000000      0x9e2 ./Core/Src/adc.o
 .debug_info    0x000009e2      0x433 ./Core/Src/gpio.o
 .debug_info    0x00000e15     0x18ec ./Core/Src/main.o
 .debug_info    0x00002701      0xa10 ./Core/Src/spi.o
 .debug_info    0x00003111      0x291 ./Core/Src/stm32f4xx_hal_msp.o
 .debug_info    0x000033a2      0xbbc ./Core/Src/stm32f4xx_it.o
 .debug_info    0x00003f5e      0x53e ./Core/Src/system_stm32f4xx.o
 .debug_info    0x0000449c      0xf07 ./Core/Src/tim.o
 .debug_info    0x000053a3      0x94e ./Core/Src/usart.o
 .debug_info    0x00005cf1       0x30 ./Core/Startup/startup_stm32f401rctx.o
 .debug_info    0x00005d21      0x8bb ./Drivers/STM32F4xx_HAL_Driver/Src/stm32f4xx_hal.o
 .debug_info    0x000065dc      0xcd1 ./Drivers/STM32F4xx_HAL_Driver/Src/stm32f4xx_hal_adc.o
 .debug_info    0x000072ad      0xcf6 ./Drivers/STM32F4xx_HAL_Driver/Src/stm32f4xx_hal_cortex.o
 .debug_info    0x00007fa3      0x6f9 ./Drivers/STM32F4xx_HAL_Driver/Src/stm32f4xx_hal_gpio.o
 .debug_info    0x0000869c     0x1577 ./Drivers/STM32F4xx_HAL_Driver/Src/stm32f4xx_hal_pcd.o
 .debug_info    0x00009c13      0x6ea ./Drivers/STM32F4xx_HAL_Driver/Src/stm32f4xx_hal_pcd_ex.o
 .debug_info    0x0000a2fd      0x8f1 ./Drivers/STM32F4xx_HAL_Driver/Src/stm32f4xx_hal_rcc.o
 .debug_info    0x0000abee     0x1530 ./Drivers/STM32F4xx_HAL_Driver/Src/stm32f4xx_hal_spi.o
 .debug_info    0x0000c11e     0x2996 ./Drivers/STM32F4xx_HAL_Driver/Src/stm32f4xx_hal_tim.o
 .debug_info    0x0000eab4     0x14d4 ./Drivers/STM32F4xx_HAL_Driver/Src/stm32f4xx_hal_tim_ex.o
 .debug_info    0x0000ff88     0x2f56 ./Drivers/STM32F4xx_HAL_Driver/Src/stm32f4xx_hal_uart.o
 .debug_info    0x00012ede     0x1993 ./Drivers/STM32F4xx_HAL_Driver/Src/stm32f4xx_ll_usb.o
 .debug_info    0x00014871     0x12a3 ./Middlewares/ST/STM32_USB_Device_Library/Class/CDC/Src/usbd_cdc.o
 .debug_info    0x00015b14      0xe05 ./Middlewares/ST/STM32_USB_Device_Library/Core/Src/usbd_core.o
 .debug_info    0x00016919      0xade ./Middlewares/ST/STM32_USB_Device_Library/Core/Src/usbd_ctlreq.o
 .debug_info    0x000173f7      0x755 ./Middlewares/ST/STM32_USB_Device_Library/Core/Src/usbd_ioreq.o
 .debug_info    0x00017b4c      0x701 ./USB_DEVICE/App/usb_device.o
 .debug_info    0x0001824d      0x8fa ./USB_DEVICE/App/usbd_cdc_if.o
 .debug_info    0x00018b47      0x458 ./USB_DEVICE/App/usbd_desc.o
 .debug_info    0x00018f9f     0x1bff ./USB_DEVICE/Target/usbd_conf.o

.debug_abbrev   0x00000000     0x41cc
 .debug_abbrev  0x00000000      0x1f2 ./Core/Src/adc.o
 .debug_abbrev  0x000001f2      0x151 ./Core/Src/gpio.o
 .debug_abbrev  0x00000343      0x357 ./Core/Src/main.o
 .debug_abbrev  0x0000069a      0x1fe ./Core/Src/spi.o
 .debug_abbrev  0x00000898       0xd8 ./Core/Src/stm32f4xx_hal_msp.o
 .debug_abbrev  0x00000970      0x1e9 ./Core/Src/stm32f4xx_it.o
 .debug_abbrev  0x00000b59      0x11a ./Core/Src/system_stm32f4xx.o
 .debug_abbrev  0x00000c73      0x2a0 ./Core/Src/tim.o
 .debug_abbrev  0x00000f13      0x1f8 ./Core/Src/usart.o
 .debug_abbrev  0x0000110b       0x24 ./Core/Startup/startup_stm32f401rctx.o
 .debug_abbrev  0x0000112f      0x24b ./Drivers/STM32F4xx_HAL_Driver/Src/stm32f4xx_hal.o
 .debug_abbrev  0x0000137a      0x20e ./Drivers/STM32F4xx_HAL_Driver/Src/stm32f4xx_hal_adc.o
 .debug_abbrev  0x00001588      0x31d ./Drivers/STM32F4xx_HAL_Driver/Src/stm32f4xx_hal_cortex.o
 .debug_abbrev  0x000018a5      0x1d3 ./Drivers/STM32F4xx_HAL_Driver/Src/stm32f4xx_hal_gpio.o
 .debug_abbrev  0x00001a78      0x2b6 ./Drivers/STM32F4xx_HAL_Driver/Src/stm32f4xx_hal_pcd.o
 .debug_abbrev  0x00001d2e      0x1da ./Drivers/STM32F4xx_HAL_Driver/Src/stm32f4xx_hal_pcd_ex.o
 .debug_abbrev  0x00001f08      0x2b6 ./Drivers/STM32F4xx_HAL_Driver/Src/stm32f4xx_hal_rcc.o
 .debug_abbrev  0x000021be      0x276 ./Drivers/STM32F4xx_HAL_Driver/Src/stm32f4xx_hal_spi.o
 .debug_abbrev  0x00002434      0x28b ./Drivers/STM32F4xx_HAL_Driver/Src/stm32f4xx_hal_tim.o
 .debug_abbrev  0x000026bf      0x296 ./Drivers/STM32F4xx_HAL_Driver/Src/stm32f4xx_hal_tim_ex.o
 .debug_abbrev  0x00002955      0x31b ./Drivers/STM32F4xx_HAL_Driver/Src/stm32f4xx_hal_uart.o
 .debug_abbrev  0x00002c70      0x2b3 ./Drivers/STM32F4xx_HAL_Driver/Src/stm32f4xx_ll_usb.o
 .debug_abbrev  0x00002f23      0x2d2 ./Middlewares/ST/STM32_USB_Device_Library/Class/CDC/Src/usbd_cdc.o
 .debug_abbrev  0x000031f5      0x27c ./Middlewares/ST/STM32_USB_Device_Library/Core/Src/usbd_core.o
 .debug_abbrev  0x00003471      0x26f ./Middlewares/ST/STM32_USB_Device_Library/Core/Src/usbd_ctlreq.o
 .debug_abbrev  0x000036e0      0x19a ./Middlewares/ST/STM32_USB_Device_Library/Core/Src/usbd_ioreq.o
 .debug_abbrev  0x0000387a      0x195 ./USB_DEVICE/App/usb_device.o
 .debug_abbrev  0x00003a0f      0x29d ./USB_DEVICE/App/usbd_cdc_if.o
 .debug_abbrev  0x00003cac      0x1e1 ./USB_DEVICE/App/usbd_desc.o
 .debug_abbrev  0x00003e8d      0x33f ./USB_DEVICE/Target/usbd_conf.o

.debug_aranges  0x00000000     0x1670
 .debug_aranges
                0x00000000       0x30 ./Core/Src/adc.o
 .debug_aranges
                0x00000030       0x20 ./Core/Src/gpio.o
 .debug_aranges
                0x00000050       0x48 ./Core/Src/main.o
 .debug_aranges
                0x00000098       0x38 ./Core/Src/spi.o
 .debug_aranges
                0x000000d0       0x20 ./Core/Src/stm32f4xx_hal_msp.o
 .debug_aranges
                0x000000f0       0x70 ./Core/Src/stm32f4xx_it.o
 .debug_aranges
                0x00000160       0x28 ./Core/Src/system_stm32f4xx.o
 .debug_aranges
                0x00000188       0x58 ./Core/Src/tim.o
 .debug_aranges
                0x000001e0       0x30 ./Core/Src/usart.o
 .debug_aranges
                0x00000210       0x28 ./Core/Startup/startup_stm32f401rctx.o
 .debug_aranges
                0x00000238       0xf0 ./Drivers/STM32F4xx_HAL_Driver/Src/stm32f4xx_hal.o
 .debug_aranges
                0x00000328       0xe8 ./Drivers/STM32F4xx_HAL_Driver/Src/stm32f4xx_hal_adc.o
 .debug_aranges
                0x00000410      0x130 ./Drivers/STM32F4xx_HAL_Driver/Src/stm32f4xx_hal_cortex.o
 .debug_aranges
                0x00000540       0x58 ./Drivers/STM32F4xx_HAL_Driver/Src/stm32f4xx_hal_gpio.o
 .debug_aranges
                0x00000598      0x148 ./Drivers/STM32F4xx_HAL_Driver/Src/stm32f4xx_hal_pcd.o
 .debug_aranges
                0x000006e0       0x38 ./Drivers/STM32F4xx_HAL_Driver/Src/stm32f4xx_hal_pcd_ex.o
 .debug_aranges
                0x00000718       0x88 ./Drivers/STM32F4xx_HAL_Driver/Src/stm32f4xx_hal_rcc.o
 .debug_aranges
                0x000007a0      0x1d0 ./Drivers/STM32F4xx_HAL_Driver/Src/stm32f4xx_hal_spi.o
 .debug_aranges
                0x00000970      0x3d0 ./Drivers/STM32F4xx_HAL_Driver/Src/stm32f4xx_hal_tim.o
 .debug_aranges
                0x00000d40      0x168 ./Drivers/STM32F4xx_HAL_Driver/Src/stm32f4xx_hal_tim_ex.o
 .debug_aranges
                0x00000ea8      0x208 ./Drivers/STM32F4xx_HAL_Driver/Src/stm32f4xx_hal_uart.o
 .debug_aranges
                0x000010b0      0x1a0 ./Drivers/STM32F4xx_HAL_Driver/Src/stm32f4xx_ll_usb.o
 .debug_aranges
                0x00001250       0x90 ./Middlewares/ST/STM32_USB_Device_Library/Class/CDC/Src/usbd_cdc.o
 .debug_aranges
                0x000012e0       0xd8 ./Middlewares/ST/STM32_USB_Device_Library/Core/Src/usbd_core.o
 .debug_aranges
                0x000013b8       0x90 ./Middlewares/ST/STM32_USB_Device_Library/Core/Src/usbd_ctlreq.o
 .debug_aranges
                0x00001448       0x50 ./Middlewares/ST/STM32_USB_Device_Library/Core/Src/usbd_ioreq.o
 .debug_aranges
                0x00001498       0x20 ./USB_DEVICE/App/usb_device.o
 .debug_aranges
                0x000014b8       0x48 ./USB_DEVICE/App/usbd_cdc_if.o
 .debug_aranges
                0x00001500       0x60 ./USB_DEVICE/App/usbd_desc.o
 .debug_aranges
                0x00001560      0x110 ./USB_DEVICE/Target/usbd_conf.o

.debug_rnglists
                0x00000000     0x1141
 .debug_rnglists
                0x00000000       0x21 ./Core/Src/adc.o
 .debug_rnglists
                0x00000021       0x14 ./Core/Src/gpio.o
 .debug_rnglists
                0x00000035       0x33 ./Core/Src/main.o
 .debug_rnglists
                0x00000068       0x26 ./Core/Src/spi.o
 .debug_rnglists
                0x0000008e       0x13 ./Core/Src/stm32f4xx_hal_msp.o
 .debug_rnglists
                0x000000a1       0x4f ./Core/Src/stm32f4xx_it.o
 .debug_rnglists
                0x000000f0       0x1a ./Core/Src/system_stm32f4xx.o
 .debug_rnglists
                0x0000010a       0x41 ./Core/Src/tim.o
 .debug_rnglists
                0x0000014b       0x20 ./Core/Src/usart.o
 .debug_rnglists
                0x0000016b       0x19 ./Core/Startup/startup_stm32f401rctx.o
 .debug_rnglists
                0x00000184       0xaf ./Drivers/STM32F4xx_HAL_Driver/Src/stm32f4xx_hal.o
 .debug_rnglists
                0x00000233       0xb5 ./Drivers/STM32F4xx_HAL_Driver/Src/stm32f4xx_hal_adc.o
 .debug_rnglists
                0x000002e8       0xe0 ./Drivers/STM32F4xx_HAL_Driver/Src/stm32f4xx_hal_cortex.o
 .debug_rnglists
                0x000003c8       0x3f ./Drivers/STM32F4xx_HAL_Driver/Src/stm32f4xx_hal_gpio.o
 .debug_rnglists
                0x00000407       0xfa ./Drivers/STM32F4xx_HAL_Driver/Src/stm32f4xx_hal_pcd.o
 .debug_rnglists
                0x00000501       0x26 ./Drivers/STM32F4xx_HAL_Driver/Src/stm32f4xx_hal_pcd_ex.o
 .debug_rnglists
                0x00000527       0x66 ./Drivers/STM32F4xx_HAL_Driver/Src/stm32f4xx_hal_rcc.o
 .debug_rnglists
                0x0000058d      0x16f ./Drivers/STM32F4xx_HAL_Driver/Src/stm32f4xx_hal_spi.o
 .debug_rnglists
                0x000006fc      0x31a ./Drivers/STM32F4xx_HAL_Driver/Src/stm32f4xx_hal_tim.o
 .debug_rnglists
                0x00000a16      0x125 ./Drivers/STM32F4xx_HAL_Driver/Src/stm32f4xx_hal_tim_ex.o
 .debug_rnglists
                0x00000b3b      0x1bc ./Drivers/STM32F4xx_HAL_Driver/Src/stm32f4xx_hal_uart.o
 .debug_rnglists
                0x00000cf7      0x147 ./Drivers/STM32F4xx_HAL_Driver/Src/stm32f4xx_ll_usb.o
 .debug_rnglists
                0x00000e3e       0x6c ./Middlewares/ST/STM32_USB_Device_Library/Class/CDC/Src/usbd_cdc.o
 .debug_rnglists
                0x00000eaa       0xa1 ./Middlewares/ST/STM32_USB_Device_Library/Core/Src/usbd_core.o
 .debug_rnglists
                0x00000f4b       0x6e ./Middlewares/ST/STM32_USB_Device_Library/Core/Src/usbd_ctlreq.o
 .debug_rnglists
                0x00000fb9       0x37 ./Middlewares/ST/STM32_USB_Device_Library/Core/Src/usbd_ioreq.o
 .debug_rnglists
                0x00000ff0       0x13 ./USB_DEVICE/App/usb_device.o
 .debug_rnglists
                0x00001003       0x32 ./USB_DEVICE/App/usbd_cdc_if.o
 .debug_rnglists
                0x00001035       0x43 ./USB_DEVICE/App/usbd_desc.o
 .debug_rnglists
                0x00001078       0xc9 ./USB_DEVICE/Target/usbd_conf.o

.debug_macro    0x00000000    0x1a78f
 .debug_macro   0x00000000      0x238 ./Core/Src/adc.o
 .debug_macro   0x00000238      0xad8 ./Core/Src/adc.o
 .debug_macro   0x00000d10      0x2ad ./Core/Src/adc.o
 .debug_macro   0x00000fbd       0x2e ./Core/Src/adc.o
 .debug_macro   0x00000feb       0x28 ./Core/Src/adc.o
 .debug_macro   0x00001013       0x22 ./Core/Src/adc.o
 .debug_macro   0x00001035       0x8e ./Core/Src/adc.o
 .debug_macro   0x000010c3       0x51 ./Core/Src/adc.o
 .debug_macro   0x00001114      0x103 ./Core/Src/adc.o
 .debug_macro   0x00001217       0x6a ./Core/Src/adc.o
 .debug_macro   0x00001281      0x1df ./Core/Src/adc.o
 .debug_macro   0x00001460       0x1c ./Core/Src/adc.o
 .debug_macro   0x0000147c       0x22 ./Core/Src/adc.o
 .debug_macro   0x0000149e       0xfb ./Core/Src/adc.o
 .debug_macro   0x00001599     0x1011 ./Core/Src/adc.o
 .debug_macro   0x000025aa      0x11f ./Core/Src/adc.o
 .debug_macro   0x000026c9     0xb86c ./Core/Src/adc.o
 .debug_macro   0x0000df35       0x6d ./Core/Src/adc.o
 .debug_macro   0x0000dfa2     0x369a ./Core/Src/adc.o
 .debug_macro   0x0001163c      0x190 ./Core/Src/adc.o
 .debug_macro   0x000117cc       0x5c ./Core/Src/adc.o
 .debug_macro   0x00011828      0x416 ./Core/Src/adc.o
 .debug_macro   0x00011c3e      0x9e9 ./Core/Src/adc.o
 .debug_macro   0x00012627      0x115 ./Core/Src/adc.o
 .debug_macro   0x0001273c       0xf8 ./Core/Src/adc.o
 .debug_macro   0x00012834       0xa5 ./Core/Src/adc.o
 .debug_macro   0x000128d9      0x15f ./Core/Src/adc.o
 .debug_macro   0x00012a38      0x287 ./Core/Src/adc.o
 .debug_macro   0x00012cbf       0x5f ./Core/Src/adc.o
 .debug_macro   0x00012d1e      0x236 ./Core/Src/adc.o
 .debug_macro   0x00012f54      0x9e1 ./Core/Src/adc.o
 .debug_macro   0x00013935      0x38b ./Core/Src/adc.o
 .debug_macro   0x00013cc0      0x176 ./Core/Src/adc.o
 .debug_macro   0x00013e36       0xf9 ./Core/Src/adc.o
 .debug_macro   0x00013f2f      0x132 ./Core/Src/adc.o
 .debug_macro   0x00014061      0x23a ./Core/Src/adc.o
 .debug_macro   0x0001429b       0x2e ./Core/Src/adc.o
 .debug_macro   0x000142c9      0x127 ./Core/Src/adc.o
 .debug_macro   0x000143f0       0x85 ./Core/Src/adc.o
 .debug_macro   0x00014475       0x89 ./Core/Src/adc.o
 .debug_macro   0x000144fe      0x225 ./Core/Src/adc.o
 .debug_macro   0x00014723      0x8ed ./Core/Src/adc.o
 .debug_macro   0x00015010       0x47 ./Core/Src/adc.o
 .debug_macro   0x00015057      0x2aa ./Core/Src/adc.o
 .debug_macro   0x00015301      0x293 ./Core/Src/adc.o
 .debug_macro   0x00015594       0xba ./Core/Src/adc.o
 .debug_macro   0x0001564e      0x126 ./Core/Src/adc.o
 .debug_macro   0x00015774      0x238 ./Core/Src/gpio.o
 .debug_macro   0x000159ac      0x3ec ./Core/Src/main.o
 .debug_macro   0x00015d98       0x16 ./Core/Src/main.o
 .debug_macro   0x00015dae       0x16 ./Core/Src/main.o
 .debug_macro   0x00015dc4       0x16 ./Core/Src/main.o
 .debug_macro   0x00015dda      0x238 ./Core/Src/spi.o
 .debug_macro   0x00016012      0x22e ./Core/Src/stm32f4xx_hal_msp.o
 .debug_macro   0x00016240      0x238 ./Core/Src/stm32f4xx_it.o
 .debug_macro   0x00016478      0x224 ./Core/Src/system_stm32f4xx.o
 .debug_macro   0x0001669c      0x238 ./Core/Src/tim.o
 .debug_macro   0x000168d4      0x238 ./Core/Src/usart.o
 .debug_macro   0x00016b0c      0x284 ./Drivers/STM32F4xx_HAL_Driver/Src/stm32f4xx_hal.o
 .debug_macro   0x00016d90      0x225 ./Drivers/STM32F4xx_HAL_Driver/Src/stm32f4xx_hal_adc.o
 .debug_macro   0x00016fb5      0x224 ./Drivers/STM32F4xx_HAL_Driver/Src/stm32f4xx_hal_cortex.o
 .debug_macro   0x000171d9      0x22a ./Drivers/STM32F4xx_HAL_Driver/Src/stm32f4xx_hal_gpio.o
 .debug_macro   0x00017403      0x230 ./Drivers/STM32F4xx_HAL_Driver/Src/stm32f4xx_hal_pcd.o
 .debug_macro   0x00017633      0x224 ./Drivers/STM32F4xx_HAL_Driver/Src/stm32f4xx_hal_pcd_ex.o
 .debug_macro   0x00017857      0x248 ./Drivers/STM32F4xx_HAL_Driver/Src/stm32f4xx_hal_rcc.o
 .debug_macro   0x00017a9f      0x233 ./Drivers/STM32F4xx_HAL_Driver/Src/stm32f4xx_hal_spi.o
 .debug_macro   0x00017cd2      0x225 ./Drivers/STM32F4xx_HAL_Driver/Src/stm32f4xx_hal_tim.o
 .debug_macro   0x00017ef7      0x224 ./Drivers/STM32F4xx_HAL_Driver/Src/stm32f4xx_hal_tim_ex.o
 .debug_macro   0x0001811b      0x225 ./Drivers/STM32F4xx_HAL_Driver/Src/stm32f4xx_hal_uart.o
 .debug_macro   0x00018340      0x224 ./Drivers/STM32F4xx_HAL_Driver/Src/stm32f4xx_ll_usb.o
 .debug_macro   0x00018564      0x3bd ./Middlewares/ST/STM32_USB_Device_Library/Class/CDC/Src/usbd_cdc.o
 .debug_macro   0x00018921       0x9e ./Middlewares/ST/STM32_USB_Device_Library/Class/CDC/Src/usbd_cdc.o
 .debug_macro   0x000189bf      0x112 ./Middlewares/ST/STM32_USB_Device_Library/Class/CDC/Src/usbd_cdc.o
 .debug_macro   0x00018ad1      0x3a4 ./Middlewares/ST/STM32_USB_Device_Library/Core/Src/usbd_core.o
 .debug_macro   0x00018e75      0x215 ./Middlewares/ST/STM32_USB_Device_Library/Core/Src/usbd_core.o
 .debug_macro   0x0001908a      0x3ae ./Middlewares/ST/STM32_USB_Device_Library/Core/Src/usbd_ctlreq.o
 .debug_macro   0x00019438      0x3aa ./Middlewares/ST/STM32_USB_Device_Library/Core/Src/usbd_ioreq.o
 .debug_macro   0x000197e2      0x3e3 ./USB_DEVICE/App/usb_device.o
 .debug_macro   0x00019bc5       0x22 ./USB_DEVICE/App/usb_device.o
 .debug_macro   0x00019be7       0x16 ./USB_DEVICE/App/usb_device.o
 .debug_macro   0x00019bfd      0x3c8 ./USB_DEVICE/App/usbd_cdc_if.o
 .debug_macro   0x00019fc5      0x3e7 ./USB_DEVICE/App/usbd_desc.o
 .debug_macro   0x0001a3ac       0x1c ./USB_DEVICE/App/usbd_desc.o
 .debug_macro   0x0001a3c8      0x3c7 ./USB_DEVICE/Target/usbd_conf.o

.debug_line     0x00000000    0x1bbef
 .debug_line    0x00000000      0x7c4 ./Core/Src/adc.o
 .debug_line    0x000007c4      0x740 ./Core/Src/gpio.o
 .debug_line    0x00000f04      0xadf ./Core/Src/main.o
 .debug_line    0x000019e3      0x844 ./Core/Src/spi.o
 .debug_line    0x00002227      0x730 ./Core/Src/stm32f4xx_hal_msp.o
 .debug_line    0x00002957      0x80f ./Core/Src/stm32f4xx_it.o
 .debug_line    0x00003166      0x7b5 ./Core/Src/system_stm32f4xx.o
 .debug_line    0x0000391b      0x96d ./Core/Src/tim.o
 .debug_line    0x00004288      0x79e ./Core/Src/usart.o
 .debug_line    0x00004a26       0x7a ./Core/Startup/startup_stm32f401rctx.o
 .debug_line    0x00004aa0      0xa22 ./Drivers/STM32F4xx_HAL_Driver/Src/stm32f4xx_hal.o
 .debug_line    0x000054c2     0x116a ./Drivers/STM32F4xx_HAL_Driver/Src/stm32f4xx_hal_adc.o
 .debug_line    0x0000662c      0xcf2 ./Drivers/STM32F4xx_HAL_Driver/Src/stm32f4xx_hal_cortex.o
 .debug_line    0x0000731e      0xb3e ./Drivers/STM32F4xx_HAL_Driver/Src/stm32f4xx_hal_gpio.o
 .debug_line    0x00007e5c     0x1467 ./Drivers/STM32F4xx_HAL_Driver/Src/stm32f4xx_hal_pcd.o
 .debug_line    0x000092c3      0x7eb ./Drivers/STM32F4xx_HAL_Driver/Src/stm32f4xx_hal_pcd_ex.o
 .debug_line    0x00009aae      0xe2f ./Drivers/STM32F4xx_HAL_Driver/Src/stm32f4xx_hal_rcc.o
 .debug_line    0x0000a8dd     0x1cb7 ./Drivers/STM32F4xx_HAL_Driver/Src/stm32f4xx_hal_spi.o
 .debug_line    0x0000c594     0x3569 ./Drivers/STM32F4xx_HAL_Driver/Src/stm32f4xx_hal_tim.o
 .debug_line    0x0000fafd     0x191d ./Drivers/STM32F4xx_HAL_Driver/Src/stm32f4xx_hal_tim_ex.o
 .debug_line    0x0001141a     0x2531 ./Drivers/STM32F4xx_HAL_Driver/Src/stm32f4xx_hal_uart.o
 .debug_line    0x0001394b     0x1ced ./Drivers/STM32F4xx_HAL_Driver/Src/stm32f4xx_ll_usb.o
 .debug_line    0x00015638      0xe7f ./Middlewares/ST/STM32_USB_Device_Library/Class/CDC/Src/usbd_cdc.o
 .debug_line    0x000164b7      0xf22 ./Middlewares/ST/STM32_USB_Device_Library/Core/Src/usbd_core.o
 .debug_line    0x000173d9     0x10ff ./Middlewares/ST/STM32_USB_Device_Library/Core/Src/usbd_ctlreq.o
 .debug_line    0x000184d8      0xa38 ./Middlewares/ST/STM32_USB_Device_Library/Core/Src/usbd_ioreq.o
 .debug_line    0x00018f10      0xa04 ./USB_DEVICE/App/usb_device.o
 .debug_line    0x00019914      0xa57 ./USB_DEVICE/App/usbd_cdc_if.o
 .debug_line    0x0001a36b      0xaad ./USB_DEVICE/App/usbd_desc.o
 .debug_line    0x0001ae18      0xdd7 ./USB_DEVICE/Target/usbd_conf.o

.debug_str      0x00000000    0x9f081
 .debug_str     0x00000000    0x9f081 ./Core/Src/adc.o
                              0x94a10 (size before relaxing)
 .debug_str     0x0009f081    0x9459e ./Core/Src/gpio.o
 .debug_str     0x0009f081    0x9960e ./Core/Src/main.o
 .debug_str     0x0009f081    0x94a3d ./Core/Src/spi.o
 .debug_str     0x0009f081    0x944d3 ./Core/Src/stm32f4xx_hal_msp.o
 .debug_str     0x0009f081    0x94d79 ./Core/Src/stm32f4xx_it.o
 .debug_str     0x0009f081    0x94583 ./Core/Src/system_stm32f4xx.o
 .debug_str     0x0009f081    0x950ee ./Core/Src/tim.o
 .debug_str     0x0009f081    0x94a5b ./Core/Src/usart.o
 .debug_str     0x0009f081       0x86 ./Core/Startup/startup_stm32f401rctx.o
 .debug_str     0x0009f081    0x94fa5 ./Drivers/STM32F4xx_HAL_Driver/Src/stm32f4xx_hal.o
 .debug_str     0x0009f081    0x94b5e ./Drivers/STM32F4xx_HAL_Driver/Src/stm32f4xx_hal_adc.o
 .debug_str     0x0009f081    0x94d0f ./Drivers/STM32F4xx_HAL_Driver/Src/stm32f4xx_hal_cortex.o
 .debug_str     0x0009f081    0x946fe ./Drivers/STM32F4xx_HAL_Driver/Src/stm32f4xx_hal_gpio.o
 .debug_str     0x0009f081    0x9504f ./Drivers/STM32F4xx_HAL_Driver/Src/stm32f4xx_hal_pcd.o
 .debug_str     0x0009f081    0x9493f ./Drivers/STM32F4xx_HAL_Driver/Src/stm32f4xx_hal_pcd_ex.o
 .debug_str     0x0009f081    0x949b7 ./Drivers/STM32F4xx_HAL_Driver/Src/stm32f4xx_hal_rcc.o
 .debug_str     0x0009f081    0x94e2f ./Drivers/STM32F4xx_HAL_Driver/Src/stm32f4xx_hal_spi.o
 .debug_str     0x0009f081    0x958fb ./Drivers/STM32F4xx_HAL_Driver/Src/stm32f4xx_hal_tim.o
 .debug_str     0x0009f081    0x95107 ./Drivers/STM32F4xx_HAL_Driver/Src/stm32f4xx_hal_tim_ex.o
 .debug_str     0x0009f081    0x94f86 ./Drivers/STM32F4xx_HAL_Driver/Src/stm32f4xx_hal_uart.o
 .debug_str     0x0009f081    0x94f2a ./Drivers/STM32F4xx_HAL_Driver/Src/stm32f4xx_ll_usb.o
 .debug_str     0x0009f081    0x995e5 ./Middlewares/ST/STM32_USB_Device_Library/Class/CDC/Src/usbd_cdc.o
 .debug_str     0x0009f081    0x98f3e ./Middlewares/ST/STM32_USB_Device_Library/Core/Src/usbd_core.o
 .debug_str     0x0009f081    0x98d69 ./Middlewares/ST/STM32_USB_Device_Library/Core/Src/usbd_ctlreq.o
 .debug_str     0x0009f081    0x98c3e ./Middlewares/ST/STM32_USB_Device_Library/Core/Src/usbd_ioreq.o
 .debug_str     0x0009f081    0x98ff1 ./USB_DEVICE/App/usb_device.o
 .debug_str     0x0009f081    0x99031 ./USB_DEVICE/App/usbd_cdc_if.o
 .debug_str     0x0009f081    0x98b3e ./USB_DEVICE/App/usbd_desc.o
 .debug_str     0x0009f081    0x99ce3 ./USB_DEVICE/Target/usbd_conf.o

.comment        0x00000000       0x43
 .comment       0x00000000       0x43 ./Core/Src/adc.o
                                 0x44 (size before relaxing)
 .comment       0x00000043       0x44 ./Core/Src/gpio.o
 .comment       0x00000043       0x44 ./Core/Src/main.o
 .comment       0x00000043       0x44 ./Core/Src/spi.o
 .comment       0x00000043       0x44 ./Core/Src/stm32f4xx_hal_msp.o
 .comment       0x00000043       0x44 ./Core/Src/stm32f4xx_it.o
 .comment       0x00000043       0x44 ./Core/Src/system_stm32f4xx.o
 .comment       0x00000043       0x44 ./Core/Src/tim.o
 .comment       0x00000043       0x44 ./Core/Src/usart.o
 .comment       0x00000043       0x44 ./Drivers/STM32F4xx_HAL_Driver/Src/stm32f4xx_hal.o
 .comment       0x00000043       0x44 ./Drivers/STM32F4xx_HAL_Driver/Src/stm32f4xx_hal_adc.o
 .comment       0x00000043       0x44 ./Drivers/STM32F4xx_HAL_Driver/Src/stm32f4xx_hal_cortex.o
 .comment       0x00000043       0x44 ./Drivers/STM32F4xx_HAL_Driver/Src/stm32f4xx_hal_gpio.o
 .comment       0x00000043       0x44 ./Drivers/STM32F4xx_HAL_Driver/Src/stm32f4xx_hal_pcd.o
 .comment       0x00000043       0x44 ./Drivers/STM32F4xx_HAL_Driver/Src/stm32f4xx_hal_pcd_ex.o
 .comment       0x00000043       0x44 ./Drivers/STM32F4xx_HAL_Driver/Src/stm32f4xx_hal_rcc.o
 .comment       0x00000043       0x44 ./Drivers/STM32F4xx_HAL_Driver/Src/stm32f4xx_hal_spi.o
 .comment       0x00000043       0x44 ./Drivers/STM32F4xx_HAL_Driver/Src/stm32f4xx_hal_tim.o
 .comment       0x00000043       0x44 ./Drivers/STM32F4xx_HAL_Driver/Src/stm32f4xx_hal_tim_ex.o
 .comment       0x00000043       0x44 ./Drivers/STM32F4xx_HAL_Driver/Src/stm32f4xx_hal_uart.o
 .comment       0x00000043       0x44 ./Drivers/STM32F4xx_HAL_Driver/Src/stm32f4xx_ll_usb.o
 .comment       0x00000043       0x44 ./Middlewares/ST/STM32_USB_Device_Library/Class/CDC/Src/usbd_cdc.o
 .comment       0x00000043       0x44 ./Middlewares/ST/STM32_USB_Device_Library/Core/Src/usbd_core.o
 .comment       0x00000043       0x44 ./Middlewares/ST/STM32_USB_Device_Library/Core/Src/usbd_ctlreq.o
 .comment       0x00000043       0x44 ./Middlewares/ST/STM32_USB_Device_Library/Core/Src/usbd_ioreq.o
 .comment       0x00000043       0x44 ./USB_DEVICE/App/usb_device.o
 .comment       0x00000043       0x44 ./USB_DEVICE/App/usbd_cdc_if.o
 .comment       0x00000043       0x44 ./USB_DEVICE/App/usbd_desc.o
 .comment       0x00000043       0x44 ./USB_DEVICE/Target/usbd_conf.o

.debug_frame    0x00000000     0x5d90
 .debug_frame   0x00000000       0x7c ./Core/Src/adc.o
 .debug_frame   0x0000007c       0x34 ./Core/Src/gpio.o
 .debug_frame   0x000000b0       0xe0 ./Core/Src/main.o
 .debug_frame   0x00000190       0x90 ./Core/Src/spi.o
 .debug_frame   0x00000220       0x38 ./Core/Src/stm32f4xx_hal_msp.o
 .debug_frame   0x00000258      0x13c ./Core/Src/stm32f4xx_it.o
 .debug_frame   0x00000394       0x58 ./Core/Src/system_stm32f4xx.o
 .debug_frame   0x000003ec      0x138 ./Core/Src/tim.o
 .debug_frame   0x00000524       0x74 ./Core/Src/usart.o
 .debug_frame   0x00000598      0x374 ./Drivers/STM32F4xx_HAL_Driver/Src/stm32f4xx_hal.o
 .debug_frame   0x0000090c      0x3fc ./Drivers/STM32F4xx_HAL_Driver/Src/stm32f4xx_hal_adc.o
 .debug_frame   0x00000d08      0x508 ./Drivers/STM32F4xx_HAL_Driver/Src/stm32f4xx_hal_cortex.o
 .debug_frame   0x00001210      0x14c ./Drivers/STM32F4xx_HAL_Driver/Src/stm32f4xx_hal_gpio.o
 .debug_frame   0x0000135c      0x5b8 ./Drivers/STM32F4xx_HAL_Driver/Src/stm32f4xx_hal_pcd.o
 .debug_frame   0x00001914       0xb0 ./Drivers/STM32F4xx_HAL_Driver/Src/stm32f4xx_hal_pcd_ex.o
 .debug_frame   0x000019c4      0x1f4 ./Drivers/STM32F4xx_HAL_Driver/Src/stm32f4xx_hal_rcc.o
 .debug_frame   0x00001bb8      0x828 ./Drivers/STM32F4xx_HAL_Driver/Src/stm32f4xx_hal_spi.o
 .debug_frame   0x000023e0     0x11b8 ./Drivers/STM32F4xx_HAL_Driver/Src/stm32f4xx_hal_tim.o
 .debug_frame   0x00003598      0x638 ./Drivers/STM32F4xx_HAL_Driver/Src/stm32f4xx_hal_tim_ex.o
 .debug_frame   0x00003bd0      0x954 ./Drivers/STM32F4xx_HAL_Driver/Src/stm32f4xx_hal_uart.o
 .debug_frame   0x00004524      0x7c0 ./Drivers/STM32F4xx_HAL_Driver/Src/stm32f4xx_ll_usb.o
 .debug_frame   0x00004ce4      0x23c ./Middlewares/ST/STM32_USB_Device_Library/Class/CDC/Src/usbd_cdc.o
 .debug_frame   0x00004f20      0x390 ./Middlewares/ST/STM32_USB_Device_Library/Core/Src/usbd_core.o
 .debug_frame   0x000052b0      0x23c ./Middlewares/ST/STM32_USB_Device_Library/Core/Src/usbd_ctlreq.o
 .debug_frame   0x000054ec      0x10c ./Middlewares/ST/STM32_USB_Device_Library/Core/Src/usbd_ioreq.o
 .debug_frame   0x000055f8       0x2c ./USB_DEVICE/App/usb_device.o
 .debug_frame   0x00005624       0xe4 ./USB_DEVICE/App/usbd_cdc_if.o
 .debug_frame   0x00005708      0x160 ./USB_DEVICE/App/usbd_desc.o
 .debug_frame   0x00005868      0x47c ./USB_DEVICE/Target/usbd_conf.o
 .debug_frame   0x00005ce4       0x20 /opt/st/stm32cubeide_1.18.1/plugins/com.st.stm32cube.ide.mcu.externaltools.gnu-tools-for-stm32.13.3.rel1.linux64_1.0.0.202410170706/tools/bin/../lib/gcc/arm-none-eabi/13.3.1/../../../../arm-none-eabi/lib/thumb/v7e-m+fp/hard/libc_nano.a(libc_a-memset.o)