../Core/Inc/mcp2517/MCP2517Settings.cpp:15:10:static uint32_t MCP2517Settings::sysClock(Oscillator)	0	static
../Core/Inc/mcp2517/MCP2517Settings.cpp:43:1:MCP2517Settings::MCP2517Settings(Oscillator, uint32_t, uint32_t)	32	static
../Core/Inc/mcp2517/MCP2517Settings.cpp:108:10:uint32_t MCP2517Settings::actualBitRate() const	0	static
../Core/Inc/mcp2517/MCP2517Settings.cpp:115:6:bool MCP2517Settings::exactBitRate() const	0	static
../Core/Inc/mcp2517/MCP2517Settings.cpp:122:10:uint32_t MCP2517Settings::ppmFromDesiredBitRate() const	8	static
../Core/Inc/mcp2517/MCP2517Settings.cpp:132:10:uint32_t MCP2517Settings::samplePointFromBitStart() const	0	static
../Core/Inc/mcp2517/MCP2517Settings.cpp:141:10:uint32_t MCP2517Settings::CANBitSettingConsistency() const	8	static
../Core/Inc/mcp2517/MCP2517Settings.cpp:174:10:uint32_t MCP2517Settings::ramUsage() const	0	static
