C:/Users/vince/Documents/GitHub/drone-firmware-2025/drone_power_board/Middlewares/libcanard/canard.c:67:6:canardInit	32	static
C:/Users/vince/Documents/GitHub/drone-firmware-2025/drone_power_board/Middlewares/libcanard/canard.c:104:7:canardGetUserReference	16	static
C:/Users/vince/Documents/GitHub/drone-firmware-2025/drone_power_board/Middlewares/libcanard/canard.c:110:6:canardSetLocalNodeID	16	static
C:/Users/vince/Documents/GitHub/drone-firmware-2025/drone_power_board/Middlewares/libcanard/canard.c:126:9:canardGetLocalNodeID	16	static
C:/Users/vince/Documents/GitHub/drone-firmware-2025/drone_power_board/Middlewares/libcanard/canard.c:131:6:canardForgetLocalNodeID	16	static
C:/Users/vince/Documents/GitHub/drone-firmware-2025/drone_power_board/Middlewares/libcanard/canard.c:135:6:canardInitTxTransfer	16	static
C:/Users/vince/Documents/GitHub/drone-firmware-2025/drone_power_board/Middlewares/libcanard/canard.c:142:9:canardBroadcast	64	static
C:/Users/vince/Documents/GitHub/drone-firmware-2025/drone_power_board/Middlewares/libcanard/canard.c:182:9:canardBroadcastObj	40	static
C:/Users/vince/Documents/GitHub/drone-firmware-2025/drone_power_board/Middlewares/libcanard/canard.c:236:36:canardBufferFromIdx	16	static
C:/Users/vince/Documents/GitHub/drone-firmware-2025/drone_power_board/Middlewares/libcanard/canard.c:249:37:canardBufferToIdx	16	static
C:/Users/vince/Documents/GitHub/drone-firmware-2025/drone_power_board/Middlewares/libcanard/canard.c:262:32:canardRxFromIdx	16	static
C:/Users/vince/Documents/GitHub/drone-firmware-2025/drone_power_board/Middlewares/libcanard/canard.c:275:37:canardRxToIdx	16	static
C:/Users/vince/Documents/GitHub/drone-firmware-2025/drone_power_board/Middlewares/libcanard/canard.c:288:26:calculateCRC	24	static
C:/Users/vince/Documents/GitHub/drone-firmware-2025/drone_power_board/Middlewares/libcanard/canard.c:314:9:canardRequestOrRespond	64	static
C:/Users/vince/Documents/GitHub/drone-firmware-2025/drone_power_board/Middlewares/libcanard/canard.c:355:9:canardRequestOrRespondObj	40	static
C:/Users/vince/Documents/GitHub/drone-firmware-2025/drone_power_board/Middlewares/libcanard/canard.c:387:17:canardPeekTxQueue	16	static
C:/Users/vince/Documents/GitHub/drone-firmware-2025/drone_power_board/Middlewares/libcanard/canard.c:396:6:canardPopTxQueue	24	static
C:/Users/vince/Documents/GitHub/drone-firmware-2025/drone_power_board/Middlewares/libcanard/canard.c:403:9:canardHandleRxFrame	152	static
C:/Users/vince/Documents/GitHub/drone-firmware-2025/drone_power_board/Middlewares/libcanard/canard.c:663:6:canardCleanupStaleTransfers	40	static
C:/Users/vince/Documents/GitHub/drone-firmware-2025/drone_power_board/Middlewares/libcanard/canard.c:730:9:canardDecodeScalar	88	static
C:/Users/vince/Documents/GitHub/drone-firmware-2025/drone_power_board/Middlewares/libcanard/canard.c:905:6:canardEncodeScalar	48	static
C:/Users/vince/Documents/GitHub/drone-firmware-2025/drone_power_board/Middlewares/libcanard/canard.c:997:6:canardReleaseRxTransferPayload	24	static
C:/Users/vince/Documents/GitHub/drone-firmware-2025/drone_power_board/Middlewares/libcanard/canard.c:1012:31:canardGetPoolAllocatorStatistics	16	static
C:/Users/vince/Documents/GitHub/drone-firmware-2025/drone_power_board/Middlewares/libcanard/canard.c:1017:10:canardConvertNativeFloatToFloat16	48	static
C:/Users/vince/Documents/GitHub/drone-firmware-2025/drone_power_board/Middlewares/libcanard/canard.c:1061:7:canardConvertFloat16ToNativeFloat	32	static
C:/Users/vince/Documents/GitHub/drone-firmware-2025/drone_power_board/Middlewares/libcanard/canard.c:1089:25:computeTransferIDForwardDistance	24	static
C:/Users/vince/Documents/GitHub/drone-firmware-2025/drone_power_board/Middlewares/libcanard/canard.c:1099:22:incrementTransferID	16	static
C:/Users/vince/Documents/GitHub/drone-firmware-2025/drone_power_board/Middlewares/libcanard/canard.c:1110:26:dlcToDataLength	16	static
C:/Users/vince/Documents/GitHub/drone-firmware-2025/drone_power_board/Middlewares/libcanard/canard.c:1133:26:dataLengthToDlc	16	static
C:/Users/vince/Documents/GitHub/drone-firmware-2025/drone_power_board/Middlewares/libcanard/canard.c:1152:25:enqueueTxFrames	56	static
C:/Users/vince/Documents/GitHub/drone-firmware-2025/drone_power_board/Middlewares/libcanard/canard.c:1281:22:pushTxQueue	24	static
C:/Users/vince/Documents/GitHub/drone-firmware-2025/drone_power_board/Middlewares/libcanard/canard.c:1330:36:createTxItem	24	static
C:/Users/vince/Documents/GitHub/drone-firmware-2025/drone_power_board/Middlewares/libcanard/canard.c:1344:22:isPriorityHigher	40	static
C:/Users/vince/Documents/GitHub/drone-firmware-2025/drone_power_board/Middlewares/libcanard/canard.c:1387:22:prepareForNextTransfer	16	static
C:/Users/vince/Documents/GitHub/drone-firmware-2025/drone_power_board/Middlewares/libcanard/canard.c:1398:10:extractDataType	24	static
C:/Users/vince/Documents/GitHub/drone-firmware-2025/drone_power_board/Middlewares/libcanard/canard.c:1418:20:extractTransferType	24	static
C:/Users/vince/Documents/GitHub/drone-firmware-2025/drone_power_board/Middlewares/libcanard/canard.c:1443:32:traverseRxStates	24	static
C:/Users/vince/Documents/GitHub/drone-firmware-2025/drone_power_board/Middlewares/libcanard/canard.c:1474:32:findRxState	24	static
C:/Users/vince/Documents/GitHub/drone-firmware-2025/drone_power_board/Middlewares/libcanard/canard.c:1491:32:prependRxState	24	static
C:/Users/vince/Documents/GitHub/drone-firmware-2025/drone_power_board/Middlewares/libcanard/canard.c:1505:32:createRxState	56	static
C:/Users/vince/Documents/GitHub/drone-firmware-2025/drone_power_board/Middlewares/libcanard/canard.c:1523:26:releaseStatePayload	24	static
C:/Users/vince/Documents/GitHub/drone-firmware-2025/drone_power_board/Middlewares/libcanard/canard.c:1543:25:bufferBlockPushBytes	48	static
C:/Users/vince/Documents/GitHub/drone-firmware-2025/drone_power_board/Middlewares/libcanard/canard.c:1639:36:createBufferBlock	24	static
C:/Users/vince/Documents/GitHub/drone-firmware-2025/drone_power_board/Middlewares/libcanard/canard.c:1653:6:copyBitArray	40	static
C:/Users/vince/Documents/GitHub/drone-firmware-2025/drone_power_board/Middlewares/libcanard/canard.c:1697:25:descatterTransferPayload	72	static
C:/Users/vince/Documents/GitHub/drone-firmware-2025/drone_power_board/Middlewares/libcanard/canard.c:1800:22:isBigEndian	16	static
C:/Users/vince/Documents/GitHub/drone-firmware-2025/drone_power_board/Middlewares/libcanard/canard.c:1823:22:swapByteOrder	32	static
C:/Users/vince/Documents/GitHub/drone-firmware-2025/drone_power_board/Middlewares/libcanard/canard.c:1845:26:crcAddByte	24	static
C:/Users/vince/Documents/GitHub/drone-firmware-2025/drone_power_board/Middlewares/libcanard/canard.c:1862:26:crcAddSignature	48	static
C:/Users/vince/Documents/GitHub/drone-firmware-2025/drone_power_board/Middlewares/libcanard/canard.c:1871:26:crcAdd	24	static
C:/Users/vince/Documents/GitHub/drone-firmware-2025/drone_power_board/Middlewares/libcanard/canard.c:1883:22:initPoolAllocator	40	static
C:/Users/vince/Documents/GitHub/drone-firmware-2025/drone_power_board/Middlewares/libcanard/canard.c:1907:23:allocateBlock	24	static
C:/Users/vince/Documents/GitHub/drone-firmware-2025/drone_power_board/Middlewares/libcanard/canard.c:1937:22:freeBlock	24	static
